{"generated_at":"2026-10-08T12:00:00Z","available":true,"epics":[{"ref":"acme/app#1","title":"[[begin:title]] Onboarding do kit [[end:title]]","status":"IN PROGRESS","owner":"ana","total":4,"completed":2,"start":"2026-09-22","target":"2026-11-15"},{"ref":"acme/app#2","title":"[[begin:title]] Alertas no Claude Code [[end:title]]","status":"BACKLOG","owner":"","total":0,"completed":0}]}
