{"generated_at":"2026-10-08T12:00:00Z","filter":{"overdue":false,"blocked":false,"triage":false},"items":[{"ref":"acme/app#1","node_id":"I_kwDOAbc001","title":"[[begin:title]] Onboarding do kit [[end:title]]","status":"IN PROGRESS","assignees":["ana"],"lane":"Plataforma","epic":"Onboarding","target":"2026-11-15","url":"https://github.com/acme/app/issues/1","state":"OPEN","type":"Feature","labels":[]},{"ref":"acme/app#2","node_id":"I_kwDOAbc002","title":"[[begin:title]] Alertas no Claude Code [[end:title]]","status":"BACKLOG","assignees":[],"epic":"Alertas","url":"https://github.com/acme/app/issues/2","state":"OPEN","type":"Feature","labels":[]}],"shown":2,"total":9,"more":true,"omitted":0}
