{"generated_at":"2026-10-08T12:00:00Z","filter":{"status":"IN PROGRESS","assignee":"ana","sprint":"Sprint 5","overdue":false,"blocked":false,"triage":false},"items":[{"ref":"acme/app#3","node_id":"I_kwDOAbc003","title":"[[begin:title]] Corrigir login SSO [[end:title]]","status":"IN PROGRESS","assignees":["ana"],"lane":"Plataforma","epic":"Onboarding","sprint":"Sprint 5","target":"2026-10-01","url":"https://github.com/acme/app/issues/3","state":"OPEN","type":"Task","labels":["bug"]}],"shown":1,"more":false,"omitted":0}
