# Items

| REF | STATE | STATUS | ASSIGNEES | TITLE | LABELS | LANE | EPIC | SPRINT | TARGET |
| --- | --- | --- | --- | --- | --- | --- | --- | --- | --- |
| acme/app#3 | OPEN | IN PROGRESS | ana | [[begin:title]] Corrigir login SSO [[end:title]] | bug | Plataforma | Onboarding | Sprint 5 | 2026-10-01 |

> 1 item shown

- **Generated at**: 2026-10-08T12:00:00Z
