{"generated_at":"2026-10-08T12:00:00Z","since":"2026-09-08T12:00:00Z","state_dir":"testdata/read/.home/state","entries":[{"at":"2026-10-01T10:00:00Z","actor":"ana","host":"github.com","project":{"owner":"acme","number":7},"command":"move acme/app#3 IN PROGRESS","reason":"inicio do sprint","targets":["I_kwDOAbc003"],"result":"ok","dry_run":false},{"at":"2026-10-07T09:00:00Z","actor":"ana","host":"github.com","project":{"owner":"acme","number":7},"command":"close acme/app#6","targets":["I_kwDOAbc006"],"result":"failed","error":"drift detected","dry_run":true,"plan_id":"20261007T090000Z-ab12"}]}
