{"generated_at":"2026-10-08T12:00:00Z","viewer":"ana","items":[{"ref":"acme/app#1","node_id":"I_kwDOAbc001","title":"[[begin:title]] Onboarding do kit [[end:title]]","status":"IN PROGRESS","assignees":["ana"],"lane":"Plataforma","epic":"Onboarding","target":"2026-11-15","url":"https://github.com/acme/app/issues/1"},{"ref":"acme/app#3","node_id":"I_kwDOAbc003","title":"[[begin:title]] Corrigir login SSO [[end:title]]","status":"IN PROGRESS","assignees":["ana"],"lane":"Plataforma","epic":"Onboarding","sprint":"Sprint 5","target":"2026-10-01","url":"https://github.com/acme/app/issues/3"}]}
