Open items of ana

  REF         STATUS       ASSIGNEES  TITLE               LANE        EPIC        SPRINT    TARGET
  acme/app#1  IN PROGRESS  ana        Onboarding do kit   Plataforma  Onboarding            2026-11-15
  acme/app#3  IN PROGRESS  ana        Corrigir login SSO  Plataforma  Onboarding  Sprint 5  2026-10-01

  Generated at:  2026-10-08T12:00:00Z
