Board acme/2

Sprint
  Iteration:  Sprint 42
  Days left:  3
  Target:

Items
  REF   S...  A...  T...
  a...  E...  ana   C...
  a...  P...        I...
  a...  B...  joão  T...
  a...  T...  x y   É...

  - item one
  - item two

  2 items omitted
  generated_at 2026-10-08T12:00:00Z

  - untitled section entry

Notes only
  Body with paragraphs and `code` and <b>html</b>
