Bash(gh project close *)
PowerShell(gh project close *)
Bash(gh.exe project close *)
PowerShell(gh.exe project close *)
Bash(gh project copy *)
PowerShell(gh project copy *)
Bash(gh.exe project copy *)
PowerShell(gh.exe project copy *)
Bash(gh project create *)
PowerShell(gh project create *)
Bash(gh.exe project create *)
PowerShell(gh.exe project create *)
Bash(gh project delete *)
PowerShell(gh project delete *)
Bash(gh.exe project delete *)
PowerShell(gh.exe project delete *)
Bash(gh project edit *)
PowerShell(gh project edit *)
Bash(gh.exe project edit *)
PowerShell(gh.exe project edit *)
Bash(gh project field-create *)
PowerShell(gh project field-create *)
Bash(gh.exe project field-create *)
PowerShell(gh.exe project field-create *)
Bash(gh project field-delete *)
PowerShell(gh project field-delete *)
Bash(gh.exe project field-delete *)
PowerShell(gh.exe project field-delete *)
Bash(gh project item-add *)
PowerShell(gh project item-add *)
Bash(gh.exe project item-add *)
PowerShell(gh.exe project item-add *)
Bash(gh project item-archive *)
PowerShell(gh project item-archive *)
Bash(gh.exe project item-archive *)
PowerShell(gh.exe project item-archive *)
Bash(gh project item-create *)
PowerShell(gh project item-create *)
Bash(gh.exe project item-create *)
PowerShell(gh.exe project item-create *)
Bash(gh project item-delete *)
PowerShell(gh project item-delete *)
Bash(gh.exe project item-delete *)
PowerShell(gh.exe project item-delete *)
Bash(gh project item-edit *)
PowerShell(gh project item-edit *)
Bash(gh.exe project item-edit *)
PowerShell(gh.exe project item-edit *)
Bash(gh project link *)
PowerShell(gh project link *)
Bash(gh.exe project link *)
PowerShell(gh.exe project link *)
Bash(gh project mark-template *)
PowerShell(gh project mark-template *)
Bash(gh.exe project mark-template *)
PowerShell(gh.exe project mark-template *)
Bash(gh project unlink *)
PowerShell(gh project unlink *)
Bash(gh.exe project unlink *)
PowerShell(gh.exe project unlink *)
Bash(gh issue delete *)
PowerShell(gh issue delete *)
Bash(gh.exe issue delete *)
PowerShell(gh.exe issue delete *)
Bash(gh issue transfer *)
PowerShell(gh issue transfer *)
Bash(gh.exe issue transfer *)
PowerShell(gh.exe issue transfer *)
Bash(gh repo delete *)
PowerShell(gh repo delete *)
Bash(gh.exe repo delete *)
PowerShell(gh.exe repo delete *)
Bash(gh label delete *)
PowerShell(gh label delete *)
Bash(gh.exe label delete *)
PowerShell(gh.exe label delete *)
Bash(gh board apply *)
PowerShell(gh board apply *)
Bash(gh.exe board apply *)
PowerShell(gh.exe board apply *)
Bash(gh board agent uninstall *)
PowerShell(gh board agent uninstall *)
Bash(gh.exe board agent uninstall *)
PowerShell(gh.exe board agent uninstall *)
Bash(gh board guard uninstall *)
PowerShell(gh board guard uninstall *)
Bash(gh.exe board guard uninstall *)
PowerShell(gh.exe board guard uninstall *)
Bash(gh-board apply *)
PowerShell(gh-board apply *)
Bash(gh-board.exe apply *)
PowerShell(gh-board.exe apply *)
Bash(gh-board agent uninstall *)
PowerShell(gh-board agent uninstall *)
Bash(gh-board.exe agent uninstall *)
PowerShell(gh-board.exe agent uninstall *)
Bash(gh-board guard uninstall *)
PowerShell(gh-board guard uninstall *)
Bash(gh-board.exe guard uninstall *)
PowerShell(gh-board.exe guard uninstall *)
Bash(*/gh-board apply*)
PowerShell(*/gh-board apply*)
Bash(*/gh-board.exe apply*)
PowerShell(*/gh-board.exe apply*)
Bash(*/gh-board agent uninstall*)
PowerShell(*/gh-board agent uninstall*)
Bash(*/gh-board.exe agent uninstall*)
PowerShell(*/gh-board.exe agent uninstall*)
Bash(*/gh-board guard uninstall*)
PowerShell(*/gh-board guard uninstall*)
Bash(*/gh-board.exe guard uninstall*)
PowerShell(*/gh-board.exe guard uninstall*)
Bash(gh extension exec board apply *)
PowerShell(gh extension exec board apply *)
Bash(gh.exe extension exec board apply *)
PowerShell(gh.exe extension exec board apply *)
Bash(gh extension exec board agent uninstall *)
PowerShell(gh extension exec board agent uninstall *)
Bash(gh.exe extension exec board agent uninstall *)
PowerShell(gh.exe extension exec board agent uninstall *)
Bash(gh extension exec board guard uninstall *)
PowerShell(gh extension exec board guard uninstall *)
Bash(gh.exe extension exec board guard uninstall *)
PowerShell(gh.exe extension exec board guard uninstall *)
Bash(gh extensions exec board apply *)
PowerShell(gh extensions exec board apply *)
Bash(gh.exe extensions exec board apply *)
PowerShell(gh.exe extensions exec board apply *)
Bash(gh extensions exec board agent uninstall *)
PowerShell(gh extensions exec board agent uninstall *)
Bash(gh.exe extensions exec board agent uninstall *)
PowerShell(gh.exe extensions exec board agent uninstall *)
Bash(gh extensions exec board guard uninstall *)
PowerShell(gh extensions exec board guard uninstall *)
Bash(gh.exe extensions exec board guard uninstall *)
PowerShell(gh.exe extensions exec board guard uninstall *)
Bash(gh ext exec board apply *)
PowerShell(gh ext exec board apply *)
Bash(gh.exe ext exec board apply *)
PowerShell(gh.exe ext exec board apply *)
Bash(gh ext exec board agent uninstall *)
PowerShell(gh ext exec board agent uninstall *)
Bash(gh.exe ext exec board agent uninstall *)
PowerShell(gh.exe ext exec board agent uninstall *)
Bash(gh ext exec board guard uninstall *)
PowerShell(gh ext exec board guard uninstall *)
Bash(gh.exe ext exec board guard uninstall *)
PowerShell(gh.exe ext exec board guard uninstall *)
Bash(gh extension remove board *)
PowerShell(gh extension remove board *)
Bash(gh.exe extension remove board *)
PowerShell(gh.exe extension remove board *)
Bash(gh extension remove gh-board *)
PowerShell(gh extension remove gh-board *)
Bash(gh.exe extension remove gh-board.exe *)
PowerShell(gh.exe extension remove gh-board.exe *)
Bash(gh extensions remove board *)
PowerShell(gh extensions remove board *)
Bash(gh.exe extensions remove board *)
PowerShell(gh.exe extensions remove board *)
Bash(gh extensions remove gh-board *)
PowerShell(gh extensions remove gh-board *)
Bash(gh.exe extensions remove gh-board.exe *)
PowerShell(gh.exe extensions remove gh-board.exe *)
Bash(gh ext remove board *)
PowerShell(gh ext remove board *)
Bash(gh.exe ext remove board *)
PowerShell(gh.exe ext remove board *)
Bash(gh ext remove gh-board *)
PowerShell(gh ext remove gh-board *)
Bash(gh.exe ext remove gh-board.exe *)
PowerShell(gh.exe ext remove gh-board.exe *)
Bash(gh api -X DELETE *)
PowerShell(gh api -X DELETE *)
Bash(gh.exe api -X DELETE *)
PowerShell(gh.exe api -X DELETE *)
Bash(gh api -X dELETE *)
PowerShell(gh api -X dELETE *)
Bash(gh.exe api -X dELETE *)
PowerShell(gh.exe api -X dELETE *)
Bash(gh api -X DeLETE *)
PowerShell(gh api -X DeLETE *)
Bash(gh.exe api -X DeLETE *)
PowerShell(gh.exe api -X DeLETE *)
Bash(gh api -X deLETE *)
PowerShell(gh api -X deLETE *)
Bash(gh.exe api -X deLETE *)
PowerShell(gh.exe api -X deLETE *)
Bash(gh api -X DElETE *)
PowerShell(gh api -X DElETE *)
Bash(gh.exe api -X DElETE *)
PowerShell(gh.exe api -X DElETE *)
Bash(gh api -X dElETE *)
PowerShell(gh api -X dElETE *)
Bash(gh.exe api -X dElETE *)
PowerShell(gh.exe api -X dElETE *)
Bash(gh api -X DelETE *)
PowerShell(gh api -X DelETE *)
Bash(gh.exe api -X DelETE *)
PowerShell(gh.exe api -X DelETE *)
Bash(gh api -X delETE *)
PowerShell(gh api -X delETE *)
Bash(gh.exe api -X delETE *)
PowerShell(gh.exe api -X delETE *)
Bash(gh api -X DELeTE *)
PowerShell(gh api -X DELeTE *)
Bash(gh.exe api -X DELeTE *)
PowerShell(gh.exe api -X DELeTE *)
Bash(gh api -X dELeTE *)
PowerShell(gh api -X dELeTE *)
Bash(gh.exe api -X dELeTE *)
PowerShell(gh.exe api -X dELeTE *)
Bash(gh api -X DeLeTE *)
PowerShell(gh api -X DeLeTE *)
Bash(gh.exe api -X DeLeTE *)
PowerShell(gh.exe api -X DeLeTE *)
Bash(gh api -X deLeTE *)
PowerShell(gh api -X deLeTE *)
Bash(gh.exe api -X deLeTE *)
PowerShell(gh.exe api -X deLeTE *)
Bash(gh api -X DEleTE *)
PowerShell(gh api -X DEleTE *)
Bash(gh.exe api -X DEleTE *)
PowerShell(gh.exe api -X DEleTE *)
Bash(gh api -X dEleTE *)
PowerShell(gh api -X dEleTE *)
Bash(gh.exe api -X dEleTE *)
PowerShell(gh.exe api -X dEleTE *)
Bash(gh api -X DeleTE *)
PowerShell(gh api -X DeleTE *)
Bash(gh.exe api -X DeleTE *)
PowerShell(gh.exe api -X DeleTE *)
Bash(gh api -X deleTE *)
PowerShell(gh api -X deleTE *)
Bash(gh.exe api -X deleTE *)
PowerShell(gh.exe api -X deleTE *)
Bash(gh api -X DELEtE *)
PowerShell(gh api -X DELEtE *)
Bash(gh.exe api -X DELEtE *)
PowerShell(gh.exe api -X DELEtE *)
Bash(gh api -X dELEtE *)
PowerShell(gh api -X dELEtE *)
Bash(gh.exe api -X dELEtE *)
PowerShell(gh.exe api -X dELEtE *)
Bash(gh api -X DeLEtE *)
PowerShell(gh api -X DeLEtE *)
Bash(gh.exe api -X DeLEtE *)
PowerShell(gh.exe api -X DeLEtE *)
Bash(gh api -X deLEtE *)
PowerShell(gh api -X deLEtE *)
Bash(gh.exe api -X deLEtE *)
PowerShell(gh.exe api -X deLEtE *)
Bash(gh api -X DElEtE *)
PowerShell(gh api -X DElEtE *)
Bash(gh.exe api -X DElEtE *)
PowerShell(gh.exe api -X DElEtE *)
Bash(gh api -X dElEtE *)
PowerShell(gh api -X dElEtE *)
Bash(gh.exe api -X dElEtE *)
PowerShell(gh.exe api -X dElEtE *)
Bash(gh api -X DelEtE *)
PowerShell(gh api -X DelEtE *)
Bash(gh.exe api -X DelEtE *)
PowerShell(gh.exe api -X DelEtE *)
Bash(gh api -X delEtE *)
PowerShell(gh api -X delEtE *)
Bash(gh.exe api -X delEtE *)
PowerShell(gh.exe api -X delEtE *)
Bash(gh api -X DELetE *)
PowerShell(gh api -X DELetE *)
Bash(gh.exe api -X DELetE *)
PowerShell(gh.exe api -X DELetE *)
Bash(gh api -X dELetE *)
PowerShell(gh api -X dELetE *)
Bash(gh.exe api -X dELetE *)
PowerShell(gh.exe api -X dELetE *)
Bash(gh api -X DeLetE *)
PowerShell(gh api -X DeLetE *)
Bash(gh.exe api -X DeLetE *)
PowerShell(gh.exe api -X DeLetE *)
Bash(gh api -X deLetE *)
PowerShell(gh api -X deLetE *)
Bash(gh.exe api -X deLetE *)
PowerShell(gh.exe api -X deLetE *)
Bash(gh api -X DEletE *)
PowerShell(gh api -X DEletE *)
Bash(gh.exe api -X DEletE *)
PowerShell(gh.exe api -X DEletE *)
Bash(gh api -X dEletE *)
PowerShell(gh api -X dEletE *)
Bash(gh.exe api -X dEletE *)
PowerShell(gh.exe api -X dEletE *)
Bash(gh api -X DeletE *)
PowerShell(gh api -X DeletE *)
Bash(gh.exe api -X DeletE *)
PowerShell(gh.exe api -X DeletE *)
Bash(gh api -X deletE *)
PowerShell(gh api -X deletE *)
Bash(gh.exe api -X deletE *)
PowerShell(gh.exe api -X deletE *)
Bash(gh api -X DELETe *)
PowerShell(gh api -X DELETe *)
Bash(gh.exe api -X DELETe *)
PowerShell(gh.exe api -X DELETe *)
Bash(gh api -X dELETe *)
PowerShell(gh api -X dELETe *)
Bash(gh.exe api -X dELETe *)
PowerShell(gh.exe api -X dELETe *)
Bash(gh api -X DeLETe *)
PowerShell(gh api -X DeLETe *)
Bash(gh.exe api -X DeLETe *)
PowerShell(gh.exe api -X DeLETe *)
Bash(gh api -X deLETe *)
PowerShell(gh api -X deLETe *)
Bash(gh.exe api -X deLETe *)
PowerShell(gh.exe api -X deLETe *)
Bash(gh api -X DElETe *)
PowerShell(gh api -X DElETe *)
Bash(gh.exe api -X DElETe *)
PowerShell(gh.exe api -X DElETe *)
Bash(gh api -X dElETe *)
PowerShell(gh api -X dElETe *)
Bash(gh.exe api -X dElETe *)
PowerShell(gh.exe api -X dElETe *)
Bash(gh api -X DelETe *)
PowerShell(gh api -X DelETe *)
Bash(gh.exe api -X DelETe *)
PowerShell(gh.exe api -X DelETe *)
Bash(gh api -X delETe *)
PowerShell(gh api -X delETe *)
Bash(gh.exe api -X delETe *)
PowerShell(gh.exe api -X delETe *)
Bash(gh api -X DELeTe *)
PowerShell(gh api -X DELeTe *)
Bash(gh.exe api -X DELeTe *)
PowerShell(gh.exe api -X DELeTe *)
Bash(gh api -X dELeTe *)
PowerShell(gh api -X dELeTe *)
Bash(gh.exe api -X dELeTe *)
PowerShell(gh.exe api -X dELeTe *)
Bash(gh api -X DeLeTe *)
PowerShell(gh api -X DeLeTe *)
Bash(gh.exe api -X DeLeTe *)
PowerShell(gh.exe api -X DeLeTe *)
Bash(gh api -X deLeTe *)
PowerShell(gh api -X deLeTe *)
Bash(gh.exe api -X deLeTe *)
PowerShell(gh.exe api -X deLeTe *)
Bash(gh api -X DEleTe *)
PowerShell(gh api -X DEleTe *)
Bash(gh.exe api -X DEleTe *)
PowerShell(gh.exe api -X DEleTe *)
Bash(gh api -X dEleTe *)
PowerShell(gh api -X dEleTe *)
Bash(gh.exe api -X dEleTe *)
PowerShell(gh.exe api -X dEleTe *)
Bash(gh api -X DeleTe *)
PowerShell(gh api -X DeleTe *)
Bash(gh.exe api -X DeleTe *)
PowerShell(gh.exe api -X DeleTe *)
Bash(gh api -X deleTe *)
PowerShell(gh api -X deleTe *)
Bash(gh.exe api -X deleTe *)
PowerShell(gh.exe api -X deleTe *)
Bash(gh api -X DELEte *)
PowerShell(gh api -X DELEte *)
Bash(gh.exe api -X DELEte *)
PowerShell(gh.exe api -X DELEte *)
Bash(gh api -X dELEte *)
PowerShell(gh api -X dELEte *)
Bash(gh.exe api -X dELEte *)
PowerShell(gh.exe api -X dELEte *)
Bash(gh api -X DeLEte *)
PowerShell(gh api -X DeLEte *)
Bash(gh.exe api -X DeLEte *)
PowerShell(gh.exe api -X DeLEte *)
Bash(gh api -X deLEte *)
PowerShell(gh api -X deLEte *)
Bash(gh.exe api -X deLEte *)
PowerShell(gh.exe api -X deLEte *)
Bash(gh api -X DElEte *)
PowerShell(gh api -X DElEte *)
Bash(gh.exe api -X DElEte *)
PowerShell(gh.exe api -X DElEte *)
Bash(gh api -X dElEte *)
PowerShell(gh api -X dElEte *)
Bash(gh.exe api -X dElEte *)
PowerShell(gh.exe api -X dElEte *)
Bash(gh api -X DelEte *)
PowerShell(gh api -X DelEte *)
Bash(gh.exe api -X DelEte *)
PowerShell(gh.exe api -X DelEte *)
Bash(gh api -X delEte *)
PowerShell(gh api -X delEte *)
Bash(gh.exe api -X delEte *)
PowerShell(gh.exe api -X delEte *)
Bash(gh api -X DELete *)
PowerShell(gh api -X DELete *)
Bash(gh.exe api -X DELete *)
PowerShell(gh.exe api -X DELete *)
Bash(gh api -X dELete *)
PowerShell(gh api -X dELete *)
Bash(gh.exe api -X dELete *)
PowerShell(gh.exe api -X dELete *)
Bash(gh api -X DeLete *)
PowerShell(gh api -X DeLete *)
Bash(gh.exe api -X DeLete *)
PowerShell(gh.exe api -X DeLete *)
Bash(gh api -X deLete *)
PowerShell(gh api -X deLete *)
Bash(gh.exe api -X deLete *)
PowerShell(gh.exe api -X deLete *)
Bash(gh api -X DElete *)
PowerShell(gh api -X DElete *)
Bash(gh.exe api -X DElete *)
PowerShell(gh.exe api -X DElete *)
Bash(gh api -X dElete *)
PowerShell(gh api -X dElete *)
Bash(gh.exe api -X dElete *)
PowerShell(gh.exe api -X dElete *)
Bash(gh api -X Delete *)
PowerShell(gh api -X Delete *)
Bash(gh.exe api -X Delete *)
PowerShell(gh.exe api -X Delete *)
Bash(gh api -X delete *)
PowerShell(gh api -X delete *)
Bash(gh.exe api -X delete *)
PowerShell(gh.exe api -X delete *)
Bash(gh api * -X DELETE*)
PowerShell(gh api * -X DELETE*)
Bash(gh.exe api * -X DELETE*)
PowerShell(gh.exe api * -X DELETE*)
Bash(gh api * -X dELETE*)
PowerShell(gh api * -X dELETE*)
Bash(gh.exe api * -X dELETE*)
PowerShell(gh.exe api * -X dELETE*)
Bash(gh api * -X DeLETE*)
PowerShell(gh api * -X DeLETE*)
Bash(gh.exe api * -X DeLETE*)
PowerShell(gh.exe api * -X DeLETE*)
Bash(gh api * -X deLETE*)
PowerShell(gh api * -X deLETE*)
Bash(gh.exe api * -X deLETE*)
PowerShell(gh.exe api * -X deLETE*)
Bash(gh api * -X DElETE*)
PowerShell(gh api * -X DElETE*)
Bash(gh.exe api * -X DElETE*)
PowerShell(gh.exe api * -X DElETE*)
Bash(gh api * -X dElETE*)
PowerShell(gh api * -X dElETE*)
Bash(gh.exe api * -X dElETE*)
PowerShell(gh.exe api * -X dElETE*)
Bash(gh api * -X DelETE*)
PowerShell(gh api * -X DelETE*)
Bash(gh.exe api * -X DelETE*)
PowerShell(gh.exe api * -X DelETE*)
Bash(gh api * -X delETE*)
PowerShell(gh api * -X delETE*)
Bash(gh.exe api * -X delETE*)
PowerShell(gh.exe api * -X delETE*)
Bash(gh api * -X DELeTE*)
PowerShell(gh api * -X DELeTE*)
Bash(gh.exe api * -X DELeTE*)
PowerShell(gh.exe api * -X DELeTE*)
Bash(gh api * -X dELeTE*)
PowerShell(gh api * -X dELeTE*)
Bash(gh.exe api * -X dELeTE*)
PowerShell(gh.exe api * -X dELeTE*)
Bash(gh api * -X DeLeTE*)
PowerShell(gh api * -X DeLeTE*)
Bash(gh.exe api * -X DeLeTE*)
PowerShell(gh.exe api * -X DeLeTE*)
Bash(gh api * -X deLeTE*)
PowerShell(gh api * -X deLeTE*)
Bash(gh.exe api * -X deLeTE*)
PowerShell(gh.exe api * -X deLeTE*)
Bash(gh api * -X DEleTE*)
PowerShell(gh api * -X DEleTE*)
Bash(gh.exe api * -X DEleTE*)
PowerShell(gh.exe api * -X DEleTE*)
Bash(gh api * -X dEleTE*)
PowerShell(gh api * -X dEleTE*)
Bash(gh.exe api * -X dEleTE*)
PowerShell(gh.exe api * -X dEleTE*)
Bash(gh api * -X DeleTE*)
PowerShell(gh api * -X DeleTE*)
Bash(gh.exe api * -X DeleTE*)
PowerShell(gh.exe api * -X DeleTE*)
Bash(gh api * -X deleTE*)
PowerShell(gh api * -X deleTE*)
Bash(gh.exe api * -X deleTE*)
PowerShell(gh.exe api * -X deleTE*)
Bash(gh api * -X DELEtE*)
PowerShell(gh api * -X DELEtE*)
Bash(gh.exe api * -X DELEtE*)
PowerShell(gh.exe api * -X DELEtE*)
Bash(gh api * -X dELEtE*)
PowerShell(gh api * -X dELEtE*)
Bash(gh.exe api * -X dELEtE*)
PowerShell(gh.exe api * -X dELEtE*)
Bash(gh api * -X DeLEtE*)
PowerShell(gh api * -X DeLEtE*)
Bash(gh.exe api * -X DeLEtE*)
PowerShell(gh.exe api * -X DeLEtE*)
Bash(gh api * -X deLEtE*)
PowerShell(gh api * -X deLEtE*)
Bash(gh.exe api * -X deLEtE*)
PowerShell(gh.exe api * -X deLEtE*)
Bash(gh api * -X DElEtE*)
PowerShell(gh api * -X DElEtE*)
Bash(gh.exe api * -X DElEtE*)
PowerShell(gh.exe api * -X DElEtE*)
Bash(gh api * -X dElEtE*)
PowerShell(gh api * -X dElEtE*)
Bash(gh.exe api * -X dElEtE*)
PowerShell(gh.exe api * -X dElEtE*)
Bash(gh api * -X DelEtE*)
PowerShell(gh api * -X DelEtE*)
Bash(gh.exe api * -X DelEtE*)
PowerShell(gh.exe api * -X DelEtE*)
Bash(gh api * -X delEtE*)
PowerShell(gh api * -X delEtE*)
Bash(gh.exe api * -X delEtE*)
PowerShell(gh.exe api * -X delEtE*)
Bash(gh api * -X DELetE*)
PowerShell(gh api * -X DELetE*)
Bash(gh.exe api * -X DELetE*)
PowerShell(gh.exe api * -X DELetE*)
Bash(gh api * -X dELetE*)
PowerShell(gh api * -X dELetE*)
Bash(gh.exe api * -X dELetE*)
PowerShell(gh.exe api * -X dELetE*)
Bash(gh api * -X DeLetE*)
PowerShell(gh api * -X DeLetE*)
Bash(gh.exe api * -X DeLetE*)
PowerShell(gh.exe api * -X DeLetE*)
Bash(gh api * -X deLetE*)
PowerShell(gh api * -X deLetE*)
Bash(gh.exe api * -X deLetE*)
PowerShell(gh.exe api * -X deLetE*)
Bash(gh api * -X DEletE*)
PowerShell(gh api * -X DEletE*)
Bash(gh.exe api * -X DEletE*)
PowerShell(gh.exe api * -X DEletE*)
Bash(gh api * -X dEletE*)
PowerShell(gh api * -X dEletE*)
Bash(gh.exe api * -X dEletE*)
PowerShell(gh.exe api * -X dEletE*)
Bash(gh api * -X DeletE*)
PowerShell(gh api * -X DeletE*)
Bash(gh.exe api * -X DeletE*)
PowerShell(gh.exe api * -X DeletE*)
Bash(gh api * -X deletE*)
PowerShell(gh api * -X deletE*)
Bash(gh.exe api * -X deletE*)
PowerShell(gh.exe api * -X deletE*)
Bash(gh api * -X DELETe*)
PowerShell(gh api * -X DELETe*)
Bash(gh.exe api * -X DELETe*)
PowerShell(gh.exe api * -X DELETe*)
Bash(gh api * -X dELETe*)
PowerShell(gh api * -X dELETe*)
Bash(gh.exe api * -X dELETe*)
PowerShell(gh.exe api * -X dELETe*)
Bash(gh api * -X DeLETe*)
PowerShell(gh api * -X DeLETe*)
Bash(gh.exe api * -X DeLETe*)
PowerShell(gh.exe api * -X DeLETe*)
Bash(gh api * -X deLETe*)
PowerShell(gh api * -X deLETe*)
Bash(gh.exe api * -X deLETe*)
PowerShell(gh.exe api * -X deLETe*)
Bash(gh api * -X DElETe*)
PowerShell(gh api * -X DElETe*)
Bash(gh.exe api * -X DElETe*)
PowerShell(gh.exe api * -X DElETe*)
Bash(gh api * -X dElETe*)
PowerShell(gh api * -X dElETe*)
Bash(gh.exe api * -X dElETe*)
PowerShell(gh.exe api * -X dElETe*)
Bash(gh api * -X DelETe*)
PowerShell(gh api * -X DelETe*)
Bash(gh.exe api * -X DelETe*)
PowerShell(gh.exe api * -X DelETe*)
Bash(gh api * -X delETe*)
PowerShell(gh api * -X delETe*)
Bash(gh.exe api * -X delETe*)
PowerShell(gh.exe api * -X delETe*)
Bash(gh api * -X DELeTe*)
PowerShell(gh api * -X DELeTe*)
Bash(gh.exe api * -X DELeTe*)
PowerShell(gh.exe api * -X DELeTe*)
Bash(gh api * -X dELeTe*)
PowerShell(gh api * -X dELeTe*)
Bash(gh.exe api * -X dELeTe*)
PowerShell(gh.exe api * -X dELeTe*)
Bash(gh api * -X DeLeTe*)
PowerShell(gh api * -X DeLeTe*)
Bash(gh.exe api * -X DeLeTe*)
PowerShell(gh.exe api * -X DeLeTe*)
Bash(gh api * -X deLeTe*)
PowerShell(gh api * -X deLeTe*)
Bash(gh.exe api * -X deLeTe*)
PowerShell(gh.exe api * -X deLeTe*)
Bash(gh api * -X DEleTe*)
PowerShell(gh api * -X DEleTe*)
Bash(gh.exe api * -X DEleTe*)
PowerShell(gh.exe api * -X DEleTe*)
Bash(gh api * -X dEleTe*)
PowerShell(gh api * -X dEleTe*)
Bash(gh.exe api * -X dEleTe*)
PowerShell(gh.exe api * -X dEleTe*)
Bash(gh api * -X DeleTe*)
PowerShell(gh api * -X DeleTe*)
Bash(gh.exe api * -X DeleTe*)
PowerShell(gh.exe api * -X DeleTe*)
Bash(gh api * -X deleTe*)
PowerShell(gh api * -X deleTe*)
Bash(gh.exe api * -X deleTe*)
PowerShell(gh.exe api * -X deleTe*)
Bash(gh api * -X DELEte*)
PowerShell(gh api * -X DELEte*)
Bash(gh.exe api * -X DELEte*)
PowerShell(gh.exe api * -X DELEte*)
Bash(gh api * -X dELEte*)
PowerShell(gh api * -X dELEte*)
Bash(gh.exe api * -X dELEte*)
PowerShell(gh.exe api * -X dELEte*)
Bash(gh api * -X DeLEte*)
PowerShell(gh api * -X DeLEte*)
Bash(gh.exe api * -X DeLEte*)
PowerShell(gh.exe api * -X DeLEte*)
Bash(gh api * -X deLEte*)
PowerShell(gh api * -X deLEte*)
Bash(gh.exe api * -X deLEte*)
PowerShell(gh.exe api * -X deLEte*)
Bash(gh api * -X DElEte*)
PowerShell(gh api * -X DElEte*)
Bash(gh.exe api * -X DElEte*)
PowerShell(gh.exe api * -X DElEte*)
Bash(gh api * -X dElEte*)
PowerShell(gh api * -X dElEte*)
Bash(gh.exe api * -X dElEte*)
PowerShell(gh.exe api * -X dElEte*)
Bash(gh api * -X DelEte*)
PowerShell(gh api * -X DelEte*)
Bash(gh.exe api * -X DelEte*)
PowerShell(gh.exe api * -X DelEte*)
Bash(gh api * -X delEte*)
PowerShell(gh api * -X delEte*)
Bash(gh.exe api * -X delEte*)
PowerShell(gh.exe api * -X delEte*)
Bash(gh api * -X DELete*)
PowerShell(gh api * -X DELete*)
Bash(gh.exe api * -X DELete*)
PowerShell(gh.exe api * -X DELete*)
Bash(gh api * -X dELete*)
PowerShell(gh api * -X dELete*)
Bash(gh.exe api * -X dELete*)
PowerShell(gh.exe api * -X dELete*)
Bash(gh api * -X DeLete*)
PowerShell(gh api * -X DeLete*)
Bash(gh.exe api * -X DeLete*)
PowerShell(gh.exe api * -X DeLete*)
Bash(gh api * -X deLete*)
PowerShell(gh api * -X deLete*)
Bash(gh.exe api * -X deLete*)
PowerShell(gh.exe api * -X deLete*)
Bash(gh api * -X DElete*)
PowerShell(gh api * -X DElete*)
Bash(gh.exe api * -X DElete*)
PowerShell(gh.exe api * -X DElete*)
Bash(gh api * -X dElete*)
PowerShell(gh api * -X dElete*)
Bash(gh.exe api * -X dElete*)
PowerShell(gh.exe api * -X dElete*)
Bash(gh api * -X Delete*)
PowerShell(gh api * -X Delete*)
Bash(gh.exe api * -X Delete*)
PowerShell(gh.exe api * -X Delete*)
Bash(gh api * -X delete*)
PowerShell(gh api * -X delete*)
Bash(gh.exe api * -X delete*)
PowerShell(gh.exe api * -X delete*)
Bash(gh api -XDELETE *)
PowerShell(gh api -XDELETE *)
Bash(gh.exe api -XDELETE *)
PowerShell(gh.exe api -XDELETE *)
Bash(gh api -XdELETE *)
PowerShell(gh api -XdELETE *)
Bash(gh.exe api -XdELETE *)
PowerShell(gh.exe api -XdELETE *)
Bash(gh api -XDeLETE *)
PowerShell(gh api -XDeLETE *)
Bash(gh.exe api -XDeLETE *)
PowerShell(gh.exe api -XDeLETE *)
Bash(gh api -XdeLETE *)
PowerShell(gh api -XdeLETE *)
Bash(gh.exe api -XdeLETE *)
PowerShell(gh.exe api -XdeLETE *)
Bash(gh api -XDElETE *)
PowerShell(gh api -XDElETE *)
Bash(gh.exe api -XDElETE *)
PowerShell(gh.exe api -XDElETE *)
Bash(gh api -XdElETE *)
PowerShell(gh api -XdElETE *)
Bash(gh.exe api -XdElETE *)
PowerShell(gh.exe api -XdElETE *)
Bash(gh api -XDelETE *)
PowerShell(gh api -XDelETE *)
Bash(gh.exe api -XDelETE *)
PowerShell(gh.exe api -XDelETE *)
Bash(gh api -XdelETE *)
PowerShell(gh api -XdelETE *)
Bash(gh.exe api -XdelETE *)
PowerShell(gh.exe api -XdelETE *)
Bash(gh api -XDELeTE *)
PowerShell(gh api -XDELeTE *)
Bash(gh.exe api -XDELeTE *)
PowerShell(gh.exe api -XDELeTE *)
Bash(gh api -XdELeTE *)
PowerShell(gh api -XdELeTE *)
Bash(gh.exe api -XdELeTE *)
PowerShell(gh.exe api -XdELeTE *)
Bash(gh api -XDeLeTE *)
PowerShell(gh api -XDeLeTE *)
Bash(gh.exe api -XDeLeTE *)
PowerShell(gh.exe api -XDeLeTE *)
Bash(gh api -XdeLeTE *)
PowerShell(gh api -XdeLeTE *)
Bash(gh.exe api -XdeLeTE *)
PowerShell(gh.exe api -XdeLeTE *)
Bash(gh api -XDEleTE *)
PowerShell(gh api -XDEleTE *)
Bash(gh.exe api -XDEleTE *)
PowerShell(gh.exe api -XDEleTE *)
Bash(gh api -XdEleTE *)
PowerShell(gh api -XdEleTE *)
Bash(gh.exe api -XdEleTE *)
PowerShell(gh.exe api -XdEleTE *)
Bash(gh api -XDeleTE *)
PowerShell(gh api -XDeleTE *)
Bash(gh.exe api -XDeleTE *)
PowerShell(gh.exe api -XDeleTE *)
Bash(gh api -XdeleTE *)
PowerShell(gh api -XdeleTE *)
Bash(gh.exe api -XdeleTE *)
PowerShell(gh.exe api -XdeleTE *)
Bash(gh api -XDELEtE *)
PowerShell(gh api -XDELEtE *)
Bash(gh.exe api -XDELEtE *)
PowerShell(gh.exe api -XDELEtE *)
Bash(gh api -XdELEtE *)
PowerShell(gh api -XdELEtE *)
Bash(gh.exe api -XdELEtE *)
PowerShell(gh.exe api -XdELEtE *)
Bash(gh api -XDeLEtE *)
PowerShell(gh api -XDeLEtE *)
Bash(gh.exe api -XDeLEtE *)
PowerShell(gh.exe api -XDeLEtE *)
Bash(gh api -XdeLEtE *)
PowerShell(gh api -XdeLEtE *)
Bash(gh.exe api -XdeLEtE *)
PowerShell(gh.exe api -XdeLEtE *)
Bash(gh api -XDElEtE *)
PowerShell(gh api -XDElEtE *)
Bash(gh.exe api -XDElEtE *)
PowerShell(gh.exe api -XDElEtE *)
Bash(gh api -XdElEtE *)
PowerShell(gh api -XdElEtE *)
Bash(gh.exe api -XdElEtE *)
PowerShell(gh.exe api -XdElEtE *)
Bash(gh api -XDelEtE *)
PowerShell(gh api -XDelEtE *)
Bash(gh.exe api -XDelEtE *)
PowerShell(gh.exe api -XDelEtE *)
Bash(gh api -XdelEtE *)
PowerShell(gh api -XdelEtE *)
Bash(gh.exe api -XdelEtE *)
PowerShell(gh.exe api -XdelEtE *)
Bash(gh api -XDELetE *)
PowerShell(gh api -XDELetE *)
Bash(gh.exe api -XDELetE *)
PowerShell(gh.exe api -XDELetE *)
Bash(gh api -XdELetE *)
PowerShell(gh api -XdELetE *)
Bash(gh.exe api -XdELetE *)
PowerShell(gh.exe api -XdELetE *)
Bash(gh api -XDeLetE *)
PowerShell(gh api -XDeLetE *)
Bash(gh.exe api -XDeLetE *)
PowerShell(gh.exe api -XDeLetE *)
Bash(gh api -XdeLetE *)
PowerShell(gh api -XdeLetE *)
Bash(gh.exe api -XdeLetE *)
PowerShell(gh.exe api -XdeLetE *)
Bash(gh api -XDEletE *)
PowerShell(gh api -XDEletE *)
Bash(gh.exe api -XDEletE *)
PowerShell(gh.exe api -XDEletE *)
Bash(gh api -XdEletE *)
PowerShell(gh api -XdEletE *)
Bash(gh.exe api -XdEletE *)
PowerShell(gh.exe api -XdEletE *)
Bash(gh api -XDeletE *)
PowerShell(gh api -XDeletE *)
Bash(gh.exe api -XDeletE *)
PowerShell(gh.exe api -XDeletE *)
Bash(gh api -XdeletE *)
PowerShell(gh api -XdeletE *)
Bash(gh.exe api -XdeletE *)
PowerShell(gh.exe api -XdeletE *)
Bash(gh api -XDELETe *)
PowerShell(gh api -XDELETe *)
Bash(gh.exe api -XDELETe *)
PowerShell(gh.exe api -XDELETe *)
Bash(gh api -XdELETe *)
PowerShell(gh api -XdELETe *)
Bash(gh.exe api -XdELETe *)
PowerShell(gh.exe api -XdELETe *)
Bash(gh api -XDeLETe *)
PowerShell(gh api -XDeLETe *)
Bash(gh.exe api -XDeLETe *)
PowerShell(gh.exe api -XDeLETe *)
Bash(gh api -XdeLETe *)
PowerShell(gh api -XdeLETe *)
Bash(gh.exe api -XdeLETe *)
PowerShell(gh.exe api -XdeLETe *)
Bash(gh api -XDElETe *)
PowerShell(gh api -XDElETe *)
Bash(gh.exe api -XDElETe *)
PowerShell(gh.exe api -XDElETe *)
Bash(gh api -XdElETe *)
PowerShell(gh api -XdElETe *)
Bash(gh.exe api -XdElETe *)
PowerShell(gh.exe api -XdElETe *)
Bash(gh api -XDelETe *)
PowerShell(gh api -XDelETe *)
Bash(gh.exe api -XDelETe *)
PowerShell(gh.exe api -XDelETe *)
Bash(gh api -XdelETe *)
PowerShell(gh api -XdelETe *)
Bash(gh.exe api -XdelETe *)
PowerShell(gh.exe api -XdelETe *)
Bash(gh api -XDELeTe *)
PowerShell(gh api -XDELeTe *)
Bash(gh.exe api -XDELeTe *)
PowerShell(gh.exe api -XDELeTe *)
Bash(gh api -XdELeTe *)
PowerShell(gh api -XdELeTe *)
Bash(gh.exe api -XdELeTe *)
PowerShell(gh.exe api -XdELeTe *)
Bash(gh api -XDeLeTe *)
PowerShell(gh api -XDeLeTe *)
Bash(gh.exe api -XDeLeTe *)
PowerShell(gh.exe api -XDeLeTe *)
Bash(gh api -XdeLeTe *)
PowerShell(gh api -XdeLeTe *)
Bash(gh.exe api -XdeLeTe *)
PowerShell(gh.exe api -XdeLeTe *)
Bash(gh api -XDEleTe *)
PowerShell(gh api -XDEleTe *)
Bash(gh.exe api -XDEleTe *)
PowerShell(gh.exe api -XDEleTe *)
Bash(gh api -XdEleTe *)
PowerShell(gh api -XdEleTe *)
Bash(gh.exe api -XdEleTe *)
PowerShell(gh.exe api -XdEleTe *)
Bash(gh api -XDeleTe *)
PowerShell(gh api -XDeleTe *)
Bash(gh.exe api -XDeleTe *)
PowerShell(gh.exe api -XDeleTe *)
Bash(gh api -XdeleTe *)
PowerShell(gh api -XdeleTe *)
Bash(gh.exe api -XdeleTe *)
PowerShell(gh.exe api -XdeleTe *)
Bash(gh api -XDELEte *)
PowerShell(gh api -XDELEte *)
Bash(gh.exe api -XDELEte *)
PowerShell(gh.exe api -XDELEte *)
Bash(gh api -XdELEte *)
PowerShell(gh api -XdELEte *)
Bash(gh.exe api -XdELEte *)
PowerShell(gh.exe api -XdELEte *)
Bash(gh api -XDeLEte *)
PowerShell(gh api -XDeLEte *)
Bash(gh.exe api -XDeLEte *)
PowerShell(gh.exe api -XDeLEte *)
Bash(gh api -XdeLEte *)
PowerShell(gh api -XdeLEte *)
Bash(gh.exe api -XdeLEte *)
PowerShell(gh.exe api -XdeLEte *)
Bash(gh api -XDElEte *)
PowerShell(gh api -XDElEte *)
Bash(gh.exe api -XDElEte *)
PowerShell(gh.exe api -XDElEte *)
Bash(gh api -XdElEte *)
PowerShell(gh api -XdElEte *)
Bash(gh.exe api -XdElEte *)
PowerShell(gh.exe api -XdElEte *)
Bash(gh api -XDelEte *)
PowerShell(gh api -XDelEte *)
Bash(gh.exe api -XDelEte *)
PowerShell(gh.exe api -XDelEte *)
Bash(gh api -XdelEte *)
PowerShell(gh api -XdelEte *)
Bash(gh.exe api -XdelEte *)
PowerShell(gh.exe api -XdelEte *)
Bash(gh api -XDELete *)
PowerShell(gh api -XDELete *)
Bash(gh.exe api -XDELete *)
PowerShell(gh.exe api -XDELete *)
Bash(gh api -XdELete *)
PowerShell(gh api -XdELete *)
Bash(gh.exe api -XdELete *)
PowerShell(gh.exe api -XdELete *)
Bash(gh api -XDeLete *)
PowerShell(gh api -XDeLete *)
Bash(gh.exe api -XDeLete *)
PowerShell(gh.exe api -XDeLete *)
Bash(gh api -XdeLete *)
PowerShell(gh api -XdeLete *)
Bash(gh.exe api -XdeLete *)
PowerShell(gh.exe api -XdeLete *)
Bash(gh api -XDElete *)
PowerShell(gh api -XDElete *)
Bash(gh.exe api -XDElete *)
PowerShell(gh.exe api -XDElete *)
Bash(gh api -XdElete *)
PowerShell(gh api -XdElete *)
Bash(gh.exe api -XdElete *)
PowerShell(gh.exe api -XdElete *)
Bash(gh api -XDelete *)
PowerShell(gh api -XDelete *)
Bash(gh.exe api -XDelete *)
PowerShell(gh.exe api -XDelete *)
Bash(gh api -Xdelete *)
PowerShell(gh api -Xdelete *)
Bash(gh.exe api -Xdelete *)
PowerShell(gh.exe api -Xdelete *)
Bash(gh api * -XDELETE*)
PowerShell(gh api * -XDELETE*)
Bash(gh.exe api * -XDELETE*)
PowerShell(gh.exe api * -XDELETE*)
Bash(gh api * -XdELETE*)
PowerShell(gh api * -XdELETE*)
Bash(gh.exe api * -XdELETE*)
PowerShell(gh.exe api * -XdELETE*)
Bash(gh api * -XDeLETE*)
PowerShell(gh api * -XDeLETE*)
Bash(gh.exe api * -XDeLETE*)
PowerShell(gh.exe api * -XDeLETE*)
Bash(gh api * -XdeLETE*)
PowerShell(gh api * -XdeLETE*)
Bash(gh.exe api * -XdeLETE*)
PowerShell(gh.exe api * -XdeLETE*)
Bash(gh api * -XDElETE*)
PowerShell(gh api * -XDElETE*)
Bash(gh.exe api * -XDElETE*)
PowerShell(gh.exe api * -XDElETE*)
Bash(gh api * -XdElETE*)
PowerShell(gh api * -XdElETE*)
Bash(gh.exe api * -XdElETE*)
PowerShell(gh.exe api * -XdElETE*)
Bash(gh api * -XDelETE*)
PowerShell(gh api * -XDelETE*)
Bash(gh.exe api * -XDelETE*)
PowerShell(gh.exe api * -XDelETE*)
Bash(gh api * -XdelETE*)
PowerShell(gh api * -XdelETE*)
Bash(gh.exe api * -XdelETE*)
PowerShell(gh.exe api * -XdelETE*)
Bash(gh api * -XDELeTE*)
PowerShell(gh api * -XDELeTE*)
Bash(gh.exe api * -XDELeTE*)
PowerShell(gh.exe api * -XDELeTE*)
Bash(gh api * -XdELeTE*)
PowerShell(gh api * -XdELeTE*)
Bash(gh.exe api * -XdELeTE*)
PowerShell(gh.exe api * -XdELeTE*)
Bash(gh api * -XDeLeTE*)
PowerShell(gh api * -XDeLeTE*)
Bash(gh.exe api * -XDeLeTE*)
PowerShell(gh.exe api * -XDeLeTE*)
Bash(gh api * -XdeLeTE*)
PowerShell(gh api * -XdeLeTE*)
Bash(gh.exe api * -XdeLeTE*)
PowerShell(gh.exe api * -XdeLeTE*)
Bash(gh api * -XDEleTE*)
PowerShell(gh api * -XDEleTE*)
Bash(gh.exe api * -XDEleTE*)
PowerShell(gh.exe api * -XDEleTE*)
Bash(gh api * -XdEleTE*)
PowerShell(gh api * -XdEleTE*)
Bash(gh.exe api * -XdEleTE*)
PowerShell(gh.exe api * -XdEleTE*)
Bash(gh api * -XDeleTE*)
PowerShell(gh api * -XDeleTE*)
Bash(gh.exe api * -XDeleTE*)
PowerShell(gh.exe api * -XDeleTE*)
Bash(gh api * -XdeleTE*)
PowerShell(gh api * -XdeleTE*)
Bash(gh.exe api * -XdeleTE*)
PowerShell(gh.exe api * -XdeleTE*)
Bash(gh api * -XDELEtE*)
PowerShell(gh api * -XDELEtE*)
Bash(gh.exe api * -XDELEtE*)
PowerShell(gh.exe api * -XDELEtE*)
Bash(gh api * -XdELEtE*)
PowerShell(gh api * -XdELEtE*)
Bash(gh.exe api * -XdELEtE*)
PowerShell(gh.exe api * -XdELEtE*)
Bash(gh api * -XDeLEtE*)
PowerShell(gh api * -XDeLEtE*)
Bash(gh.exe api * -XDeLEtE*)
PowerShell(gh.exe api * -XDeLEtE*)
Bash(gh api * -XdeLEtE*)
PowerShell(gh api * -XdeLEtE*)
Bash(gh.exe api * -XdeLEtE*)
PowerShell(gh.exe api * -XdeLEtE*)
Bash(gh api * -XDElEtE*)
PowerShell(gh api * -XDElEtE*)
Bash(gh.exe api * -XDElEtE*)
PowerShell(gh.exe api * -XDElEtE*)
Bash(gh api * -XdElEtE*)
PowerShell(gh api * -XdElEtE*)
Bash(gh.exe api * -XdElEtE*)
PowerShell(gh.exe api * -XdElEtE*)
Bash(gh api * -XDelEtE*)
PowerShell(gh api * -XDelEtE*)
Bash(gh.exe api * -XDelEtE*)
PowerShell(gh.exe api * -XDelEtE*)
Bash(gh api * -XdelEtE*)
PowerShell(gh api * -XdelEtE*)
Bash(gh.exe api * -XdelEtE*)
PowerShell(gh.exe api * -XdelEtE*)
Bash(gh api * -XDELetE*)
PowerShell(gh api * -XDELetE*)
Bash(gh.exe api * -XDELetE*)
PowerShell(gh.exe api * -XDELetE*)
Bash(gh api * -XdELetE*)
PowerShell(gh api * -XdELetE*)
Bash(gh.exe api * -XdELetE*)
PowerShell(gh.exe api * -XdELetE*)
Bash(gh api * -XDeLetE*)
PowerShell(gh api * -XDeLetE*)
Bash(gh.exe api * -XDeLetE*)
PowerShell(gh.exe api * -XDeLetE*)
Bash(gh api * -XdeLetE*)
PowerShell(gh api * -XdeLetE*)
Bash(gh.exe api * -XdeLetE*)
PowerShell(gh.exe api * -XdeLetE*)
Bash(gh api * -XDEletE*)
PowerShell(gh api * -XDEletE*)
Bash(gh.exe api * -XDEletE*)
PowerShell(gh.exe api * -XDEletE*)
Bash(gh api * -XdEletE*)
PowerShell(gh api * -XdEletE*)
Bash(gh.exe api * -XdEletE*)
PowerShell(gh.exe api * -XdEletE*)
Bash(gh api * -XDeletE*)
PowerShell(gh api * -XDeletE*)
Bash(gh.exe api * -XDeletE*)
PowerShell(gh.exe api * -XDeletE*)
Bash(gh api * -XdeletE*)
PowerShell(gh api * -XdeletE*)
Bash(gh.exe api * -XdeletE*)
PowerShell(gh.exe api * -XdeletE*)
Bash(gh api * -XDELETe*)
PowerShell(gh api * -XDELETe*)
Bash(gh.exe api * -XDELETe*)
PowerShell(gh.exe api * -XDELETe*)
Bash(gh api * -XdELETe*)
PowerShell(gh api * -XdELETe*)
Bash(gh.exe api * -XdELETe*)
PowerShell(gh.exe api * -XdELETe*)
Bash(gh api * -XDeLETe*)
PowerShell(gh api * -XDeLETe*)
Bash(gh.exe api * -XDeLETe*)
PowerShell(gh.exe api * -XDeLETe*)
Bash(gh api * -XdeLETe*)
PowerShell(gh api * -XdeLETe*)
Bash(gh.exe api * -XdeLETe*)
PowerShell(gh.exe api * -XdeLETe*)
Bash(gh api * -XDElETe*)
PowerShell(gh api * -XDElETe*)
Bash(gh.exe api * -XDElETe*)
PowerShell(gh.exe api * -XDElETe*)
Bash(gh api * -XdElETe*)
PowerShell(gh api * -XdElETe*)
Bash(gh.exe api * -XdElETe*)
PowerShell(gh.exe api * -XdElETe*)
Bash(gh api * -XDelETe*)
PowerShell(gh api * -XDelETe*)
Bash(gh.exe api * -XDelETe*)
PowerShell(gh.exe api * -XDelETe*)
Bash(gh api * -XdelETe*)
PowerShell(gh api * -XdelETe*)
Bash(gh.exe api * -XdelETe*)
PowerShell(gh.exe api * -XdelETe*)
Bash(gh api * -XDELeTe*)
PowerShell(gh api * -XDELeTe*)
Bash(gh.exe api * -XDELeTe*)
PowerShell(gh.exe api * -XDELeTe*)
Bash(gh api * -XdELeTe*)
PowerShell(gh api * -XdELeTe*)
Bash(gh.exe api * -XdELeTe*)
PowerShell(gh.exe api * -XdELeTe*)
Bash(gh api * -XDeLeTe*)
PowerShell(gh api * -XDeLeTe*)
Bash(gh.exe api * -XDeLeTe*)
PowerShell(gh.exe api * -XDeLeTe*)
Bash(gh api * -XdeLeTe*)
PowerShell(gh api * -XdeLeTe*)
Bash(gh.exe api * -XdeLeTe*)
PowerShell(gh.exe api * -XdeLeTe*)
Bash(gh api * -XDEleTe*)
PowerShell(gh api * -XDEleTe*)
Bash(gh.exe api * -XDEleTe*)
PowerShell(gh.exe api * -XDEleTe*)
Bash(gh api * -XdEleTe*)
PowerShell(gh api * -XdEleTe*)
Bash(gh.exe api * -XdEleTe*)
PowerShell(gh.exe api * -XdEleTe*)
Bash(gh api * -XDeleTe*)
PowerShell(gh api * -XDeleTe*)
Bash(gh.exe api * -XDeleTe*)
PowerShell(gh.exe api * -XDeleTe*)
Bash(gh api * -XdeleTe*)
PowerShell(gh api * -XdeleTe*)
Bash(gh.exe api * -XdeleTe*)
PowerShell(gh.exe api * -XdeleTe*)
Bash(gh api * -XDELEte*)
PowerShell(gh api * -XDELEte*)
Bash(gh.exe api * -XDELEte*)
PowerShell(gh.exe api * -XDELEte*)
Bash(gh api * -XdELEte*)
PowerShell(gh api * -XdELEte*)
Bash(gh.exe api * -XdELEte*)
PowerShell(gh.exe api * -XdELEte*)
Bash(gh api * -XDeLEte*)
PowerShell(gh api * -XDeLEte*)
Bash(gh.exe api * -XDeLEte*)
PowerShell(gh.exe api * -XDeLEte*)
Bash(gh api * -XdeLEte*)
PowerShell(gh api * -XdeLEte*)
Bash(gh.exe api * -XdeLEte*)
PowerShell(gh.exe api * -XdeLEte*)
Bash(gh api * -XDElEte*)
PowerShell(gh api * -XDElEte*)
Bash(gh.exe api * -XDElEte*)
PowerShell(gh.exe api * -XDElEte*)
Bash(gh api * -XdElEte*)
PowerShell(gh api * -XdElEte*)
Bash(gh.exe api * -XdElEte*)
PowerShell(gh.exe api * -XdElEte*)
Bash(gh api * -XDelEte*)
PowerShell(gh api * -XDelEte*)
Bash(gh.exe api * -XDelEte*)
PowerShell(gh.exe api * -XDelEte*)
Bash(gh api * -XdelEte*)
PowerShell(gh api * -XdelEte*)
Bash(gh.exe api * -XdelEte*)
PowerShell(gh.exe api * -XdelEte*)
Bash(gh api * -XDELete*)
PowerShell(gh api * -XDELete*)
Bash(gh.exe api * -XDELete*)
PowerShell(gh.exe api * -XDELete*)
Bash(gh api * -XdELete*)
PowerShell(gh api * -XdELete*)
Bash(gh.exe api * -XdELete*)
PowerShell(gh.exe api * -XdELete*)
Bash(gh api * -XDeLete*)
PowerShell(gh api * -XDeLete*)
Bash(gh.exe api * -XDeLete*)
PowerShell(gh.exe api * -XDeLete*)
Bash(gh api * -XdeLete*)
PowerShell(gh api * -XdeLete*)
Bash(gh.exe api * -XdeLete*)
PowerShell(gh.exe api * -XdeLete*)
Bash(gh api * -XDElete*)
PowerShell(gh api * -XDElete*)
Bash(gh.exe api * -XDElete*)
PowerShell(gh.exe api * -XDElete*)
Bash(gh api * -XdElete*)
PowerShell(gh api * -XdElete*)
Bash(gh.exe api * -XdElete*)
PowerShell(gh.exe api * -XdElete*)
Bash(gh api * -XDelete*)
PowerShell(gh api * -XDelete*)
Bash(gh.exe api * -XDelete*)
PowerShell(gh.exe api * -XDelete*)
Bash(gh api * -Xdelete*)
PowerShell(gh api * -Xdelete*)
Bash(gh.exe api * -Xdelete*)
PowerShell(gh.exe api * -Xdelete*)
Bash(gh api -X=DELETE *)
PowerShell(gh api -X=DELETE *)
Bash(gh.exe api -X=DELETE *)
PowerShell(gh.exe api -X=DELETE *)
Bash(gh api -X=dELETE *)
PowerShell(gh api -X=dELETE *)
Bash(gh.exe api -X=dELETE *)
PowerShell(gh.exe api -X=dELETE *)
Bash(gh api -X=DeLETE *)
PowerShell(gh api -X=DeLETE *)
Bash(gh.exe api -X=DeLETE *)
PowerShell(gh.exe api -X=DeLETE *)
Bash(gh api -X=deLETE *)
PowerShell(gh api -X=deLETE *)
Bash(gh.exe api -X=deLETE *)
PowerShell(gh.exe api -X=deLETE *)
Bash(gh api -X=DElETE *)
PowerShell(gh api -X=DElETE *)
Bash(gh.exe api -X=DElETE *)
PowerShell(gh.exe api -X=DElETE *)
Bash(gh api -X=dElETE *)
PowerShell(gh api -X=dElETE *)
Bash(gh.exe api -X=dElETE *)
PowerShell(gh.exe api -X=dElETE *)
Bash(gh api -X=DelETE *)
PowerShell(gh api -X=DelETE *)
Bash(gh.exe api -X=DelETE *)
PowerShell(gh.exe api -X=DelETE *)
Bash(gh api -X=delETE *)
PowerShell(gh api -X=delETE *)
Bash(gh.exe api -X=delETE *)
PowerShell(gh.exe api -X=delETE *)
Bash(gh api -X=DELeTE *)
PowerShell(gh api -X=DELeTE *)
Bash(gh.exe api -X=DELeTE *)
PowerShell(gh.exe api -X=DELeTE *)
Bash(gh api -X=dELeTE *)
PowerShell(gh api -X=dELeTE *)
Bash(gh.exe api -X=dELeTE *)
PowerShell(gh.exe api -X=dELeTE *)
Bash(gh api -X=DeLeTE *)
PowerShell(gh api -X=DeLeTE *)
Bash(gh.exe api -X=DeLeTE *)
PowerShell(gh.exe api -X=DeLeTE *)
Bash(gh api -X=deLeTE *)
PowerShell(gh api -X=deLeTE *)
Bash(gh.exe api -X=deLeTE *)
PowerShell(gh.exe api -X=deLeTE *)
Bash(gh api -X=DEleTE *)
PowerShell(gh api -X=DEleTE *)
Bash(gh.exe api -X=DEleTE *)
PowerShell(gh.exe api -X=DEleTE *)
Bash(gh api -X=dEleTE *)
PowerShell(gh api -X=dEleTE *)
Bash(gh.exe api -X=dEleTE *)
PowerShell(gh.exe api -X=dEleTE *)
Bash(gh api -X=DeleTE *)
PowerShell(gh api -X=DeleTE *)
Bash(gh.exe api -X=DeleTE *)
PowerShell(gh.exe api -X=DeleTE *)
Bash(gh api -X=deleTE *)
PowerShell(gh api -X=deleTE *)
Bash(gh.exe api -X=deleTE *)
PowerShell(gh.exe api -X=deleTE *)
Bash(gh api -X=DELEtE *)
PowerShell(gh api -X=DELEtE *)
Bash(gh.exe api -X=DELEtE *)
PowerShell(gh.exe api -X=DELEtE *)
Bash(gh api -X=dELEtE *)
PowerShell(gh api -X=dELEtE *)
Bash(gh.exe api -X=dELEtE *)
PowerShell(gh.exe api -X=dELEtE *)
Bash(gh api -X=DeLEtE *)
PowerShell(gh api -X=DeLEtE *)
Bash(gh.exe api -X=DeLEtE *)
PowerShell(gh.exe api -X=DeLEtE *)
Bash(gh api -X=deLEtE *)
PowerShell(gh api -X=deLEtE *)
Bash(gh.exe api -X=deLEtE *)
PowerShell(gh.exe api -X=deLEtE *)
Bash(gh api -X=DElEtE *)
PowerShell(gh api -X=DElEtE *)
Bash(gh.exe api -X=DElEtE *)
PowerShell(gh.exe api -X=DElEtE *)
Bash(gh api -X=dElEtE *)
PowerShell(gh api -X=dElEtE *)
Bash(gh.exe api -X=dElEtE *)
PowerShell(gh.exe api -X=dElEtE *)
Bash(gh api -X=DelEtE *)
PowerShell(gh api -X=DelEtE *)
Bash(gh.exe api -X=DelEtE *)
PowerShell(gh.exe api -X=DelEtE *)
Bash(gh api -X=delEtE *)
PowerShell(gh api -X=delEtE *)
Bash(gh.exe api -X=delEtE *)
PowerShell(gh.exe api -X=delEtE *)
Bash(gh api -X=DELetE *)
PowerShell(gh api -X=DELetE *)
Bash(gh.exe api -X=DELetE *)
PowerShell(gh.exe api -X=DELetE *)
Bash(gh api -X=dELetE *)
PowerShell(gh api -X=dELetE *)
Bash(gh.exe api -X=dELetE *)
PowerShell(gh.exe api -X=dELetE *)
Bash(gh api -X=DeLetE *)
PowerShell(gh api -X=DeLetE *)
Bash(gh.exe api -X=DeLetE *)
PowerShell(gh.exe api -X=DeLetE *)
Bash(gh api -X=deLetE *)
PowerShell(gh api -X=deLetE *)
Bash(gh.exe api -X=deLetE *)
PowerShell(gh.exe api -X=deLetE *)
Bash(gh api -X=DEletE *)
PowerShell(gh api -X=DEletE *)
Bash(gh.exe api -X=DEletE *)
PowerShell(gh.exe api -X=DEletE *)
Bash(gh api -X=dEletE *)
PowerShell(gh api -X=dEletE *)
Bash(gh.exe api -X=dEletE *)
PowerShell(gh.exe api -X=dEletE *)
Bash(gh api -X=DeletE *)
PowerShell(gh api -X=DeletE *)
Bash(gh.exe api -X=DeletE *)
PowerShell(gh.exe api -X=DeletE *)
Bash(gh api -X=deletE *)
PowerShell(gh api -X=deletE *)
Bash(gh.exe api -X=deletE *)
PowerShell(gh.exe api -X=deletE *)
Bash(gh api -X=DELETe *)
PowerShell(gh api -X=DELETe *)
Bash(gh.exe api -X=DELETe *)
PowerShell(gh.exe api -X=DELETe *)
Bash(gh api -X=dELETe *)
PowerShell(gh api -X=dELETe *)
Bash(gh.exe api -X=dELETe *)
PowerShell(gh.exe api -X=dELETe *)
Bash(gh api -X=DeLETe *)
PowerShell(gh api -X=DeLETe *)
Bash(gh.exe api -X=DeLETe *)
PowerShell(gh.exe api -X=DeLETe *)
Bash(gh api -X=deLETe *)
PowerShell(gh api -X=deLETe *)
Bash(gh.exe api -X=deLETe *)
PowerShell(gh.exe api -X=deLETe *)
Bash(gh api -X=DElETe *)
PowerShell(gh api -X=DElETe *)
Bash(gh.exe api -X=DElETe *)
PowerShell(gh.exe api -X=DElETe *)
Bash(gh api -X=dElETe *)
PowerShell(gh api -X=dElETe *)
Bash(gh.exe api -X=dElETe *)
PowerShell(gh.exe api -X=dElETe *)
Bash(gh api -X=DelETe *)
PowerShell(gh api -X=DelETe *)
Bash(gh.exe api -X=DelETe *)
PowerShell(gh.exe api -X=DelETe *)
Bash(gh api -X=delETe *)
PowerShell(gh api -X=delETe *)
Bash(gh.exe api -X=delETe *)
PowerShell(gh.exe api -X=delETe *)
Bash(gh api -X=DELeTe *)
PowerShell(gh api -X=DELeTe *)
Bash(gh.exe api -X=DELeTe *)
PowerShell(gh.exe api -X=DELeTe *)
Bash(gh api -X=dELeTe *)
PowerShell(gh api -X=dELeTe *)
Bash(gh.exe api -X=dELeTe *)
PowerShell(gh.exe api -X=dELeTe *)
Bash(gh api -X=DeLeTe *)
PowerShell(gh api -X=DeLeTe *)
Bash(gh.exe api -X=DeLeTe *)
PowerShell(gh.exe api -X=DeLeTe *)
Bash(gh api -X=deLeTe *)
PowerShell(gh api -X=deLeTe *)
Bash(gh.exe api -X=deLeTe *)
PowerShell(gh.exe api -X=deLeTe *)
Bash(gh api -X=DEleTe *)
PowerShell(gh api -X=DEleTe *)
Bash(gh.exe api -X=DEleTe *)
PowerShell(gh.exe api -X=DEleTe *)
Bash(gh api -X=dEleTe *)
PowerShell(gh api -X=dEleTe *)
Bash(gh.exe api -X=dEleTe *)
PowerShell(gh.exe api -X=dEleTe *)
Bash(gh api -X=DeleTe *)
PowerShell(gh api -X=DeleTe *)
Bash(gh.exe api -X=DeleTe *)
PowerShell(gh.exe api -X=DeleTe *)
Bash(gh api -X=deleTe *)
PowerShell(gh api -X=deleTe *)
Bash(gh.exe api -X=deleTe *)
PowerShell(gh.exe api -X=deleTe *)
Bash(gh api -X=DELEte *)
PowerShell(gh api -X=DELEte *)
Bash(gh.exe api -X=DELEte *)
PowerShell(gh.exe api -X=DELEte *)
Bash(gh api -X=dELEte *)
PowerShell(gh api -X=dELEte *)
Bash(gh.exe api -X=dELEte *)
PowerShell(gh.exe api -X=dELEte *)
Bash(gh api -X=DeLEte *)
PowerShell(gh api -X=DeLEte *)
Bash(gh.exe api -X=DeLEte *)
PowerShell(gh.exe api -X=DeLEte *)
Bash(gh api -X=deLEte *)
PowerShell(gh api -X=deLEte *)
Bash(gh.exe api -X=deLEte *)
PowerShell(gh.exe api -X=deLEte *)
Bash(gh api -X=DElEte *)
PowerShell(gh api -X=DElEte *)
Bash(gh.exe api -X=DElEte *)
PowerShell(gh.exe api -X=DElEte *)
Bash(gh api -X=dElEte *)
PowerShell(gh api -X=dElEte *)
Bash(gh.exe api -X=dElEte *)
PowerShell(gh.exe api -X=dElEte *)
Bash(gh api -X=DelEte *)
PowerShell(gh api -X=DelEte *)
Bash(gh.exe api -X=DelEte *)
PowerShell(gh.exe api -X=DelEte *)
Bash(gh api -X=delEte *)
PowerShell(gh api -X=delEte *)
Bash(gh.exe api -X=delEte *)
PowerShell(gh.exe api -X=delEte *)
Bash(gh api -X=DELete *)
PowerShell(gh api -X=DELete *)
Bash(gh.exe api -X=DELete *)
PowerShell(gh.exe api -X=DELete *)
Bash(gh api -X=dELete *)
PowerShell(gh api -X=dELete *)
Bash(gh.exe api -X=dELete *)
PowerShell(gh.exe api -X=dELete *)
Bash(gh api -X=DeLete *)
PowerShell(gh api -X=DeLete *)
Bash(gh.exe api -X=DeLete *)
PowerShell(gh.exe api -X=DeLete *)
Bash(gh api -X=deLete *)
PowerShell(gh api -X=deLete *)
Bash(gh.exe api -X=deLete *)
PowerShell(gh.exe api -X=deLete *)
Bash(gh api -X=DElete *)
PowerShell(gh api -X=DElete *)
Bash(gh.exe api -X=DElete *)
PowerShell(gh.exe api -X=DElete *)
Bash(gh api -X=dElete *)
PowerShell(gh api -X=dElete *)
Bash(gh.exe api -X=dElete *)
PowerShell(gh.exe api -X=dElete *)
Bash(gh api -X=Delete *)
PowerShell(gh api -X=Delete *)
Bash(gh.exe api -X=Delete *)
PowerShell(gh.exe api -X=Delete *)
Bash(gh api -X=delete *)
PowerShell(gh api -X=delete *)
Bash(gh.exe api -X=delete *)
PowerShell(gh.exe api -X=delete *)
Bash(gh api * -X=DELETE*)
PowerShell(gh api * -X=DELETE*)
Bash(gh.exe api * -X=DELETE*)
PowerShell(gh.exe api * -X=DELETE*)
Bash(gh api * -X=dELETE*)
PowerShell(gh api * -X=dELETE*)
Bash(gh.exe api * -X=dELETE*)
PowerShell(gh.exe api * -X=dELETE*)
Bash(gh api * -X=DeLETE*)
PowerShell(gh api * -X=DeLETE*)
Bash(gh.exe api * -X=DeLETE*)
PowerShell(gh.exe api * -X=DeLETE*)
Bash(gh api * -X=deLETE*)
PowerShell(gh api * -X=deLETE*)
Bash(gh.exe api * -X=deLETE*)
PowerShell(gh.exe api * -X=deLETE*)
Bash(gh api * -X=DElETE*)
PowerShell(gh api * -X=DElETE*)
Bash(gh.exe api * -X=DElETE*)
PowerShell(gh.exe api * -X=DElETE*)
Bash(gh api * -X=dElETE*)
PowerShell(gh api * -X=dElETE*)
Bash(gh.exe api * -X=dElETE*)
PowerShell(gh.exe api * -X=dElETE*)
Bash(gh api * -X=DelETE*)
PowerShell(gh api * -X=DelETE*)
Bash(gh.exe api * -X=DelETE*)
PowerShell(gh.exe api * -X=DelETE*)
Bash(gh api * -X=delETE*)
PowerShell(gh api * -X=delETE*)
Bash(gh.exe api * -X=delETE*)
PowerShell(gh.exe api * -X=delETE*)
Bash(gh api * -X=DELeTE*)
PowerShell(gh api * -X=DELeTE*)
Bash(gh.exe api * -X=DELeTE*)
PowerShell(gh.exe api * -X=DELeTE*)
Bash(gh api * -X=dELeTE*)
PowerShell(gh api * -X=dELeTE*)
Bash(gh.exe api * -X=dELeTE*)
PowerShell(gh.exe api * -X=dELeTE*)
Bash(gh api * -X=DeLeTE*)
PowerShell(gh api * -X=DeLeTE*)
Bash(gh.exe api * -X=DeLeTE*)
PowerShell(gh.exe api * -X=DeLeTE*)
Bash(gh api * -X=deLeTE*)
PowerShell(gh api * -X=deLeTE*)
Bash(gh.exe api * -X=deLeTE*)
PowerShell(gh.exe api * -X=deLeTE*)
Bash(gh api * -X=DEleTE*)
PowerShell(gh api * -X=DEleTE*)
Bash(gh.exe api * -X=DEleTE*)
PowerShell(gh.exe api * -X=DEleTE*)
Bash(gh api * -X=dEleTE*)
PowerShell(gh api * -X=dEleTE*)
Bash(gh.exe api * -X=dEleTE*)
PowerShell(gh.exe api * -X=dEleTE*)
Bash(gh api * -X=DeleTE*)
PowerShell(gh api * -X=DeleTE*)
Bash(gh.exe api * -X=DeleTE*)
PowerShell(gh.exe api * -X=DeleTE*)
Bash(gh api * -X=deleTE*)
PowerShell(gh api * -X=deleTE*)
Bash(gh.exe api * -X=deleTE*)
PowerShell(gh.exe api * -X=deleTE*)
Bash(gh api * -X=DELEtE*)
PowerShell(gh api * -X=DELEtE*)
Bash(gh.exe api * -X=DELEtE*)
PowerShell(gh.exe api * -X=DELEtE*)
Bash(gh api * -X=dELEtE*)
PowerShell(gh api * -X=dELEtE*)
Bash(gh.exe api * -X=dELEtE*)
PowerShell(gh.exe api * -X=dELEtE*)
Bash(gh api * -X=DeLEtE*)
PowerShell(gh api * -X=DeLEtE*)
Bash(gh.exe api * -X=DeLEtE*)
PowerShell(gh.exe api * -X=DeLEtE*)
Bash(gh api * -X=deLEtE*)
PowerShell(gh api * -X=deLEtE*)
Bash(gh.exe api * -X=deLEtE*)
PowerShell(gh.exe api * -X=deLEtE*)
Bash(gh api * -X=DElEtE*)
PowerShell(gh api * -X=DElEtE*)
Bash(gh.exe api * -X=DElEtE*)
PowerShell(gh.exe api * -X=DElEtE*)
Bash(gh api * -X=dElEtE*)
PowerShell(gh api * -X=dElEtE*)
Bash(gh.exe api * -X=dElEtE*)
PowerShell(gh.exe api * -X=dElEtE*)
Bash(gh api * -X=DelEtE*)
PowerShell(gh api * -X=DelEtE*)
Bash(gh.exe api * -X=DelEtE*)
PowerShell(gh.exe api * -X=DelEtE*)
Bash(gh api * -X=delEtE*)
PowerShell(gh api * -X=delEtE*)
Bash(gh.exe api * -X=delEtE*)
PowerShell(gh.exe api * -X=delEtE*)
Bash(gh api * -X=DELetE*)
PowerShell(gh api * -X=DELetE*)
Bash(gh.exe api * -X=DELetE*)
PowerShell(gh.exe api * -X=DELetE*)
Bash(gh api * -X=dELetE*)
PowerShell(gh api * -X=dELetE*)
Bash(gh.exe api * -X=dELetE*)
PowerShell(gh.exe api * -X=dELetE*)
Bash(gh api * -X=DeLetE*)
PowerShell(gh api * -X=DeLetE*)
Bash(gh.exe api * -X=DeLetE*)
PowerShell(gh.exe api * -X=DeLetE*)
Bash(gh api * -X=deLetE*)
PowerShell(gh api * -X=deLetE*)
Bash(gh.exe api * -X=deLetE*)
PowerShell(gh.exe api * -X=deLetE*)
Bash(gh api * -X=DEletE*)
PowerShell(gh api * -X=DEletE*)
Bash(gh.exe api * -X=DEletE*)
PowerShell(gh.exe api * -X=DEletE*)
Bash(gh api * -X=dEletE*)
PowerShell(gh api * -X=dEletE*)
Bash(gh.exe api * -X=dEletE*)
PowerShell(gh.exe api * -X=dEletE*)
Bash(gh api * -X=DeletE*)
PowerShell(gh api * -X=DeletE*)
Bash(gh.exe api * -X=DeletE*)
PowerShell(gh.exe api * -X=DeletE*)
Bash(gh api * -X=deletE*)
PowerShell(gh api * -X=deletE*)
Bash(gh.exe api * -X=deletE*)
PowerShell(gh.exe api * -X=deletE*)
Bash(gh api * -X=DELETe*)
PowerShell(gh api * -X=DELETe*)
Bash(gh.exe api * -X=DELETe*)
PowerShell(gh.exe api * -X=DELETe*)
Bash(gh api * -X=dELETe*)
PowerShell(gh api * -X=dELETe*)
Bash(gh.exe api * -X=dELETe*)
PowerShell(gh.exe api * -X=dELETe*)
Bash(gh api * -X=DeLETe*)
PowerShell(gh api * -X=DeLETe*)
Bash(gh.exe api * -X=DeLETe*)
PowerShell(gh.exe api * -X=DeLETe*)
Bash(gh api * -X=deLETe*)
PowerShell(gh api * -X=deLETe*)
Bash(gh.exe api * -X=deLETe*)
PowerShell(gh.exe api * -X=deLETe*)
Bash(gh api * -X=DElETe*)
PowerShell(gh api * -X=DElETe*)
Bash(gh.exe api * -X=DElETe*)
PowerShell(gh.exe api * -X=DElETe*)
Bash(gh api * -X=dElETe*)
PowerShell(gh api * -X=dElETe*)
Bash(gh.exe api * -X=dElETe*)
PowerShell(gh.exe api * -X=dElETe*)
Bash(gh api * -X=DelETe*)
PowerShell(gh api * -X=DelETe*)
Bash(gh.exe api * -X=DelETe*)
PowerShell(gh.exe api * -X=DelETe*)
Bash(gh api * -X=delETe*)
PowerShell(gh api * -X=delETe*)
Bash(gh.exe api * -X=delETe*)
PowerShell(gh.exe api * -X=delETe*)
Bash(gh api * -X=DELeTe*)
PowerShell(gh api * -X=DELeTe*)
Bash(gh.exe api * -X=DELeTe*)
PowerShell(gh.exe api * -X=DELeTe*)
Bash(gh api * -X=dELeTe*)
PowerShell(gh api * -X=dELeTe*)
Bash(gh.exe api * -X=dELeTe*)
PowerShell(gh.exe api * -X=dELeTe*)
Bash(gh api * -X=DeLeTe*)
PowerShell(gh api * -X=DeLeTe*)
Bash(gh.exe api * -X=DeLeTe*)
PowerShell(gh.exe api * -X=DeLeTe*)
Bash(gh api * -X=deLeTe*)
PowerShell(gh api * -X=deLeTe*)
Bash(gh.exe api * -X=deLeTe*)
PowerShell(gh.exe api * -X=deLeTe*)
Bash(gh api * -X=DEleTe*)
PowerShell(gh api * -X=DEleTe*)
Bash(gh.exe api * -X=DEleTe*)
PowerShell(gh.exe api * -X=DEleTe*)
Bash(gh api * -X=dEleTe*)
PowerShell(gh api * -X=dEleTe*)
Bash(gh.exe api * -X=dEleTe*)
PowerShell(gh.exe api * -X=dEleTe*)
Bash(gh api * -X=DeleTe*)
PowerShell(gh api * -X=DeleTe*)
Bash(gh.exe api * -X=DeleTe*)
PowerShell(gh.exe api * -X=DeleTe*)
Bash(gh api * -X=deleTe*)
PowerShell(gh api * -X=deleTe*)
Bash(gh.exe api * -X=deleTe*)
PowerShell(gh.exe api * -X=deleTe*)
Bash(gh api * -X=DELEte*)
PowerShell(gh api * -X=DELEte*)
Bash(gh.exe api * -X=DELEte*)
PowerShell(gh.exe api * -X=DELEte*)
Bash(gh api * -X=dELEte*)
PowerShell(gh api * -X=dELEte*)
Bash(gh.exe api * -X=dELEte*)
PowerShell(gh.exe api * -X=dELEte*)
Bash(gh api * -X=DeLEte*)
PowerShell(gh api * -X=DeLEte*)
Bash(gh.exe api * -X=DeLEte*)
PowerShell(gh.exe api * -X=DeLEte*)
Bash(gh api * -X=deLEte*)
PowerShell(gh api * -X=deLEte*)
Bash(gh.exe api * -X=deLEte*)
PowerShell(gh.exe api * -X=deLEte*)
Bash(gh api * -X=DElEte*)
PowerShell(gh api * -X=DElEte*)
Bash(gh.exe api * -X=DElEte*)
PowerShell(gh.exe api * -X=DElEte*)
Bash(gh api * -X=dElEte*)
PowerShell(gh api * -X=dElEte*)
Bash(gh.exe api * -X=dElEte*)
PowerShell(gh.exe api * -X=dElEte*)
Bash(gh api * -X=DelEte*)
PowerShell(gh api * -X=DelEte*)
Bash(gh.exe api * -X=DelEte*)
PowerShell(gh.exe api * -X=DelEte*)
Bash(gh api * -X=delEte*)
PowerShell(gh api * -X=delEte*)
Bash(gh.exe api * -X=delEte*)
PowerShell(gh.exe api * -X=delEte*)
Bash(gh api * -X=DELete*)
PowerShell(gh api * -X=DELete*)
Bash(gh.exe api * -X=DELete*)
PowerShell(gh.exe api * -X=DELete*)
Bash(gh api * -X=dELete*)
PowerShell(gh api * -X=dELete*)
Bash(gh.exe api * -X=dELete*)
PowerShell(gh.exe api * -X=dELete*)
Bash(gh api * -X=DeLete*)
PowerShell(gh api * -X=DeLete*)
Bash(gh.exe api * -X=DeLete*)
PowerShell(gh.exe api * -X=DeLete*)
Bash(gh api * -X=deLete*)
PowerShell(gh api * -X=deLete*)
Bash(gh.exe api * -X=deLete*)
PowerShell(gh.exe api * -X=deLete*)
Bash(gh api * -X=DElete*)
PowerShell(gh api * -X=DElete*)
Bash(gh.exe api * -X=DElete*)
PowerShell(gh.exe api * -X=DElete*)
Bash(gh api * -X=dElete*)
PowerShell(gh api * -X=dElete*)
Bash(gh.exe api * -X=dElete*)
PowerShell(gh.exe api * -X=dElete*)
Bash(gh api * -X=Delete*)
PowerShell(gh api * -X=Delete*)
Bash(gh.exe api * -X=Delete*)
PowerShell(gh.exe api * -X=Delete*)
Bash(gh api * -X=delete*)
PowerShell(gh api * -X=delete*)
Bash(gh.exe api * -X=delete*)
PowerShell(gh.exe api * -X=delete*)
Bash(gh api --method DELETE *)
PowerShell(gh api --method DELETE *)
Bash(gh.exe api --method DELETE *)
PowerShell(gh.exe api --method DELETE *)
Bash(gh api --method dELETE *)
PowerShell(gh api --method dELETE *)
Bash(gh.exe api --method dELETE *)
PowerShell(gh.exe api --method dELETE *)
Bash(gh api --method DeLETE *)
PowerShell(gh api --method DeLETE *)
Bash(gh.exe api --method DeLETE *)
PowerShell(gh.exe api --method DeLETE *)
Bash(gh api --method deLETE *)
PowerShell(gh api --method deLETE *)
Bash(gh.exe api --method deLETE *)
PowerShell(gh.exe api --method deLETE *)
Bash(gh api --method DElETE *)
PowerShell(gh api --method DElETE *)
Bash(gh.exe api --method DElETE *)
PowerShell(gh.exe api --method DElETE *)
Bash(gh api --method dElETE *)
PowerShell(gh api --method dElETE *)
Bash(gh.exe api --method dElETE *)
PowerShell(gh.exe api --method dElETE *)
Bash(gh api --method DelETE *)
PowerShell(gh api --method DelETE *)
Bash(gh.exe api --method DelETE *)
PowerShell(gh.exe api --method DelETE *)
Bash(gh api --method delETE *)
PowerShell(gh api --method delETE *)
Bash(gh.exe api --method delETE *)
PowerShell(gh.exe api --method delETE *)
Bash(gh api --method DELeTE *)
PowerShell(gh api --method DELeTE *)
Bash(gh.exe api --method DELeTE *)
PowerShell(gh.exe api --method DELeTE *)
Bash(gh api --method dELeTE *)
PowerShell(gh api --method dELeTE *)
Bash(gh.exe api --method dELeTE *)
PowerShell(gh.exe api --method dELeTE *)
Bash(gh api --method DeLeTE *)
PowerShell(gh api --method DeLeTE *)
Bash(gh.exe api --method DeLeTE *)
PowerShell(gh.exe api --method DeLeTE *)
Bash(gh api --method deLeTE *)
PowerShell(gh api --method deLeTE *)
Bash(gh.exe api --method deLeTE *)
PowerShell(gh.exe api --method deLeTE *)
Bash(gh api --method DEleTE *)
PowerShell(gh api --method DEleTE *)
Bash(gh.exe api --method DEleTE *)
PowerShell(gh.exe api --method DEleTE *)
Bash(gh api --method dEleTE *)
PowerShell(gh api --method dEleTE *)
Bash(gh.exe api --method dEleTE *)
PowerShell(gh.exe api --method dEleTE *)
Bash(gh api --method DeleTE *)
PowerShell(gh api --method DeleTE *)
Bash(gh.exe api --method DeleTE *)
PowerShell(gh.exe api --method DeleTE *)
Bash(gh api --method deleTE *)
PowerShell(gh api --method deleTE *)
Bash(gh.exe api --method deleTE *)
PowerShell(gh.exe api --method deleTE *)
Bash(gh api --method DELEtE *)
PowerShell(gh api --method DELEtE *)
Bash(gh.exe api --method DELEtE *)
PowerShell(gh.exe api --method DELEtE *)
Bash(gh api --method dELEtE *)
PowerShell(gh api --method dELEtE *)
Bash(gh.exe api --method dELEtE *)
PowerShell(gh.exe api --method dELEtE *)
Bash(gh api --method DeLEtE *)
PowerShell(gh api --method DeLEtE *)
Bash(gh.exe api --method DeLEtE *)
PowerShell(gh.exe api --method DeLEtE *)
Bash(gh api --method deLEtE *)
PowerShell(gh api --method deLEtE *)
Bash(gh.exe api --method deLEtE *)
PowerShell(gh.exe api --method deLEtE *)
Bash(gh api --method DElEtE *)
PowerShell(gh api --method DElEtE *)
Bash(gh.exe api --method DElEtE *)
PowerShell(gh.exe api --method DElEtE *)
Bash(gh api --method dElEtE *)
PowerShell(gh api --method dElEtE *)
Bash(gh.exe api --method dElEtE *)
PowerShell(gh.exe api --method dElEtE *)
Bash(gh api --method DelEtE *)
PowerShell(gh api --method DelEtE *)
Bash(gh.exe api --method DelEtE *)
PowerShell(gh.exe api --method DelEtE *)
Bash(gh api --method delEtE *)
PowerShell(gh api --method delEtE *)
Bash(gh.exe api --method delEtE *)
PowerShell(gh.exe api --method delEtE *)
Bash(gh api --method DELetE *)
PowerShell(gh api --method DELetE *)
Bash(gh.exe api --method DELetE *)
PowerShell(gh.exe api --method DELetE *)
Bash(gh api --method dELetE *)
PowerShell(gh api --method dELetE *)
Bash(gh.exe api --method dELetE *)
PowerShell(gh.exe api --method dELetE *)
Bash(gh api --method DeLetE *)
PowerShell(gh api --method DeLetE *)
Bash(gh.exe api --method DeLetE *)
PowerShell(gh.exe api --method DeLetE *)
Bash(gh api --method deLetE *)
PowerShell(gh api --method deLetE *)
Bash(gh.exe api --method deLetE *)
PowerShell(gh.exe api --method deLetE *)
Bash(gh api --method DEletE *)
PowerShell(gh api --method DEletE *)
Bash(gh.exe api --method DEletE *)
PowerShell(gh.exe api --method DEletE *)
Bash(gh api --method dEletE *)
PowerShell(gh api --method dEletE *)
Bash(gh.exe api --method dEletE *)
PowerShell(gh.exe api --method dEletE *)
Bash(gh api --method DeletE *)
PowerShell(gh api --method DeletE *)
Bash(gh.exe api --method DeletE *)
PowerShell(gh.exe api --method DeletE *)
Bash(gh api --method deletE *)
PowerShell(gh api --method deletE *)
Bash(gh.exe api --method deletE *)
PowerShell(gh.exe api --method deletE *)
Bash(gh api --method DELETe *)
PowerShell(gh api --method DELETe *)
Bash(gh.exe api --method DELETe *)
PowerShell(gh.exe api --method DELETe *)
Bash(gh api --method dELETe *)
PowerShell(gh api --method dELETe *)
Bash(gh.exe api --method dELETe *)
PowerShell(gh.exe api --method dELETe *)
Bash(gh api --method DeLETe *)
PowerShell(gh api --method DeLETe *)
Bash(gh.exe api --method DeLETe *)
PowerShell(gh.exe api --method DeLETe *)
Bash(gh api --method deLETe *)
PowerShell(gh api --method deLETe *)
Bash(gh.exe api --method deLETe *)
PowerShell(gh.exe api --method deLETe *)
Bash(gh api --method DElETe *)
PowerShell(gh api --method DElETe *)
Bash(gh.exe api --method DElETe *)
PowerShell(gh.exe api --method DElETe *)
Bash(gh api --method dElETe *)
PowerShell(gh api --method dElETe *)
Bash(gh.exe api --method dElETe *)
PowerShell(gh.exe api --method dElETe *)
Bash(gh api --method DelETe *)
PowerShell(gh api --method DelETe *)
Bash(gh.exe api --method DelETe *)
PowerShell(gh.exe api --method DelETe *)
Bash(gh api --method delETe *)
PowerShell(gh api --method delETe *)
Bash(gh.exe api --method delETe *)
PowerShell(gh.exe api --method delETe *)
Bash(gh api --method DELeTe *)
PowerShell(gh api --method DELeTe *)
Bash(gh.exe api --method DELeTe *)
PowerShell(gh.exe api --method DELeTe *)
Bash(gh api --method dELeTe *)
PowerShell(gh api --method dELeTe *)
Bash(gh.exe api --method dELeTe *)
PowerShell(gh.exe api --method dELeTe *)
Bash(gh api --method DeLeTe *)
PowerShell(gh api --method DeLeTe *)
Bash(gh.exe api --method DeLeTe *)
PowerShell(gh.exe api --method DeLeTe *)
Bash(gh api --method deLeTe *)
PowerShell(gh api --method deLeTe *)
Bash(gh.exe api --method deLeTe *)
PowerShell(gh.exe api --method deLeTe *)
Bash(gh api --method DEleTe *)
PowerShell(gh api --method DEleTe *)
Bash(gh.exe api --method DEleTe *)
PowerShell(gh.exe api --method DEleTe *)
Bash(gh api --method dEleTe *)
PowerShell(gh api --method dEleTe *)
Bash(gh.exe api --method dEleTe *)
PowerShell(gh.exe api --method dEleTe *)
Bash(gh api --method DeleTe *)
PowerShell(gh api --method DeleTe *)
Bash(gh.exe api --method DeleTe *)
PowerShell(gh.exe api --method DeleTe *)
Bash(gh api --method deleTe *)
PowerShell(gh api --method deleTe *)
Bash(gh.exe api --method deleTe *)
PowerShell(gh.exe api --method deleTe *)
Bash(gh api --method DELEte *)
PowerShell(gh api --method DELEte *)
Bash(gh.exe api --method DELEte *)
PowerShell(gh.exe api --method DELEte *)
Bash(gh api --method dELEte *)
PowerShell(gh api --method dELEte *)
Bash(gh.exe api --method dELEte *)
PowerShell(gh.exe api --method dELEte *)
Bash(gh api --method DeLEte *)
PowerShell(gh api --method DeLEte *)
Bash(gh.exe api --method DeLEte *)
PowerShell(gh.exe api --method DeLEte *)
Bash(gh api --method deLEte *)
PowerShell(gh api --method deLEte *)
Bash(gh.exe api --method deLEte *)
PowerShell(gh.exe api --method deLEte *)
Bash(gh api --method DElEte *)
PowerShell(gh api --method DElEte *)
Bash(gh.exe api --method DElEte *)
PowerShell(gh.exe api --method DElEte *)
Bash(gh api --method dElEte *)
PowerShell(gh api --method dElEte *)
Bash(gh.exe api --method dElEte *)
PowerShell(gh.exe api --method dElEte *)
Bash(gh api --method DelEte *)
PowerShell(gh api --method DelEte *)
Bash(gh.exe api --method DelEte *)
PowerShell(gh.exe api --method DelEte *)
Bash(gh api --method delEte *)
PowerShell(gh api --method delEte *)
Bash(gh.exe api --method delEte *)
PowerShell(gh.exe api --method delEte *)
Bash(gh api --method DELete *)
PowerShell(gh api --method DELete *)
Bash(gh.exe api --method DELete *)
PowerShell(gh.exe api --method DELete *)
Bash(gh api --method dELete *)
PowerShell(gh api --method dELete *)
Bash(gh.exe api --method dELete *)
PowerShell(gh.exe api --method dELete *)
Bash(gh api --method DeLete *)
PowerShell(gh api --method DeLete *)
Bash(gh.exe api --method DeLete *)
PowerShell(gh.exe api --method DeLete *)
Bash(gh api --method deLete *)
PowerShell(gh api --method deLete *)
Bash(gh.exe api --method deLete *)
PowerShell(gh.exe api --method deLete *)
Bash(gh api --method DElete *)
PowerShell(gh api --method DElete *)
Bash(gh.exe api --method DElete *)
PowerShell(gh.exe api --method DElete *)
Bash(gh api --method dElete *)
PowerShell(gh api --method dElete *)
Bash(gh.exe api --method dElete *)
PowerShell(gh.exe api --method dElete *)
Bash(gh api --method Delete *)
PowerShell(gh api --method Delete *)
Bash(gh.exe api --method Delete *)
PowerShell(gh.exe api --method Delete *)
Bash(gh api --method delete *)
PowerShell(gh api --method delete *)
Bash(gh.exe api --method delete *)
PowerShell(gh.exe api --method delete *)
Bash(gh api * --method DELETE*)
PowerShell(gh api * --method DELETE*)
Bash(gh.exe api * --method DELETE*)
PowerShell(gh.exe api * --method DELETE*)
Bash(gh api * --method dELETE*)
PowerShell(gh api * --method dELETE*)
Bash(gh.exe api * --method dELETE*)
PowerShell(gh.exe api * --method dELETE*)
Bash(gh api * --method DeLETE*)
PowerShell(gh api * --method DeLETE*)
Bash(gh.exe api * --method DeLETE*)
PowerShell(gh.exe api * --method DeLETE*)
Bash(gh api * --method deLETE*)
PowerShell(gh api * --method deLETE*)
Bash(gh.exe api * --method deLETE*)
PowerShell(gh.exe api * --method deLETE*)
Bash(gh api * --method DElETE*)
PowerShell(gh api * --method DElETE*)
Bash(gh.exe api * --method DElETE*)
PowerShell(gh.exe api * --method DElETE*)
Bash(gh api * --method dElETE*)
PowerShell(gh api * --method dElETE*)
Bash(gh.exe api * --method dElETE*)
PowerShell(gh.exe api * --method dElETE*)
Bash(gh api * --method DelETE*)
PowerShell(gh api * --method DelETE*)
Bash(gh.exe api * --method DelETE*)
PowerShell(gh.exe api * --method DelETE*)
Bash(gh api * --method delETE*)
PowerShell(gh api * --method delETE*)
Bash(gh.exe api * --method delETE*)
PowerShell(gh.exe api * --method delETE*)
Bash(gh api * --method DELeTE*)
PowerShell(gh api * --method DELeTE*)
Bash(gh.exe api * --method DELeTE*)
PowerShell(gh.exe api * --method DELeTE*)
Bash(gh api * --method dELeTE*)
PowerShell(gh api * --method dELeTE*)
Bash(gh.exe api * --method dELeTE*)
PowerShell(gh.exe api * --method dELeTE*)
Bash(gh api * --method DeLeTE*)
PowerShell(gh api * --method DeLeTE*)
Bash(gh.exe api * --method DeLeTE*)
PowerShell(gh.exe api * --method DeLeTE*)
Bash(gh api * --method deLeTE*)
PowerShell(gh api * --method deLeTE*)
Bash(gh.exe api * --method deLeTE*)
PowerShell(gh.exe api * --method deLeTE*)
Bash(gh api * --method DEleTE*)
PowerShell(gh api * --method DEleTE*)
Bash(gh.exe api * --method DEleTE*)
PowerShell(gh.exe api * --method DEleTE*)
Bash(gh api * --method dEleTE*)
PowerShell(gh api * --method dEleTE*)
Bash(gh.exe api * --method dEleTE*)
PowerShell(gh.exe api * --method dEleTE*)
Bash(gh api * --method DeleTE*)
PowerShell(gh api * --method DeleTE*)
Bash(gh.exe api * --method DeleTE*)
PowerShell(gh.exe api * --method DeleTE*)
Bash(gh api * --method deleTE*)
PowerShell(gh api * --method deleTE*)
Bash(gh.exe api * --method deleTE*)
PowerShell(gh.exe api * --method deleTE*)
Bash(gh api * --method DELEtE*)
PowerShell(gh api * --method DELEtE*)
Bash(gh.exe api * --method DELEtE*)
PowerShell(gh.exe api * --method DELEtE*)
Bash(gh api * --method dELEtE*)
PowerShell(gh api * --method dELEtE*)
Bash(gh.exe api * --method dELEtE*)
PowerShell(gh.exe api * --method dELEtE*)
Bash(gh api * --method DeLEtE*)
PowerShell(gh api * --method DeLEtE*)
Bash(gh.exe api * --method DeLEtE*)
PowerShell(gh.exe api * --method DeLEtE*)
Bash(gh api * --method deLEtE*)
PowerShell(gh api * --method deLEtE*)
Bash(gh.exe api * --method deLEtE*)
PowerShell(gh.exe api * --method deLEtE*)
Bash(gh api * --method DElEtE*)
PowerShell(gh api * --method DElEtE*)
Bash(gh.exe api * --method DElEtE*)
PowerShell(gh.exe api * --method DElEtE*)
Bash(gh api * --method dElEtE*)
PowerShell(gh api * --method dElEtE*)
Bash(gh.exe api * --method dElEtE*)
PowerShell(gh.exe api * --method dElEtE*)
Bash(gh api * --method DelEtE*)
PowerShell(gh api * --method DelEtE*)
Bash(gh.exe api * --method DelEtE*)
PowerShell(gh.exe api * --method DelEtE*)
Bash(gh api * --method delEtE*)
PowerShell(gh api * --method delEtE*)
Bash(gh.exe api * --method delEtE*)
PowerShell(gh.exe api * --method delEtE*)
Bash(gh api * --method DELetE*)
PowerShell(gh api * --method DELetE*)
Bash(gh.exe api * --method DELetE*)
PowerShell(gh.exe api * --method DELetE*)
Bash(gh api * --method dELetE*)
PowerShell(gh api * --method dELetE*)
Bash(gh.exe api * --method dELetE*)
PowerShell(gh.exe api * --method dELetE*)
Bash(gh api * --method DeLetE*)
PowerShell(gh api * --method DeLetE*)
Bash(gh.exe api * --method DeLetE*)
PowerShell(gh.exe api * --method DeLetE*)
Bash(gh api * --method deLetE*)
PowerShell(gh api * --method deLetE*)
Bash(gh.exe api * --method deLetE*)
PowerShell(gh.exe api * --method deLetE*)
Bash(gh api * --method DEletE*)
PowerShell(gh api * --method DEletE*)
Bash(gh.exe api * --method DEletE*)
PowerShell(gh.exe api * --method DEletE*)
Bash(gh api * --method dEletE*)
PowerShell(gh api * --method dEletE*)
Bash(gh.exe api * --method dEletE*)
PowerShell(gh.exe api * --method dEletE*)
Bash(gh api * --method DeletE*)
PowerShell(gh api * --method DeletE*)
Bash(gh.exe api * --method DeletE*)
PowerShell(gh.exe api * --method DeletE*)
Bash(gh api * --method deletE*)
PowerShell(gh api * --method deletE*)
Bash(gh.exe api * --method deletE*)
PowerShell(gh.exe api * --method deletE*)
Bash(gh api * --method DELETe*)
PowerShell(gh api * --method DELETe*)
Bash(gh.exe api * --method DELETe*)
PowerShell(gh.exe api * --method DELETe*)
Bash(gh api * --method dELETe*)
PowerShell(gh api * --method dELETe*)
Bash(gh.exe api * --method dELETe*)
PowerShell(gh.exe api * --method dELETe*)
Bash(gh api * --method DeLETe*)
PowerShell(gh api * --method DeLETe*)
Bash(gh.exe api * --method DeLETe*)
PowerShell(gh.exe api * --method DeLETe*)
Bash(gh api * --method deLETe*)
PowerShell(gh api * --method deLETe*)
Bash(gh.exe api * --method deLETe*)
PowerShell(gh.exe api * --method deLETe*)
Bash(gh api * --method DElETe*)
PowerShell(gh api * --method DElETe*)
Bash(gh.exe api * --method DElETe*)
PowerShell(gh.exe api * --method DElETe*)
Bash(gh api * --method dElETe*)
PowerShell(gh api * --method dElETe*)
Bash(gh.exe api * --method dElETe*)
PowerShell(gh.exe api * --method dElETe*)
Bash(gh api * --method DelETe*)
PowerShell(gh api * --method DelETe*)
Bash(gh.exe api * --method DelETe*)
PowerShell(gh.exe api * --method DelETe*)
Bash(gh api * --method delETe*)
PowerShell(gh api * --method delETe*)
Bash(gh.exe api * --method delETe*)
PowerShell(gh.exe api * --method delETe*)
Bash(gh api * --method DELeTe*)
PowerShell(gh api * --method DELeTe*)
Bash(gh.exe api * --method DELeTe*)
PowerShell(gh.exe api * --method DELeTe*)
Bash(gh api * --method dELeTe*)
PowerShell(gh api * --method dELeTe*)
Bash(gh.exe api * --method dELeTe*)
PowerShell(gh.exe api * --method dELeTe*)
Bash(gh api * --method DeLeTe*)
PowerShell(gh api * --method DeLeTe*)
Bash(gh.exe api * --method DeLeTe*)
PowerShell(gh.exe api * --method DeLeTe*)
Bash(gh api * --method deLeTe*)
PowerShell(gh api * --method deLeTe*)
Bash(gh.exe api * --method deLeTe*)
PowerShell(gh.exe api * --method deLeTe*)
Bash(gh api * --method DEleTe*)
PowerShell(gh api * --method DEleTe*)
Bash(gh.exe api * --method DEleTe*)
PowerShell(gh.exe api * --method DEleTe*)
Bash(gh api * --method dEleTe*)
PowerShell(gh api * --method dEleTe*)
Bash(gh.exe api * --method dEleTe*)
PowerShell(gh.exe api * --method dEleTe*)
Bash(gh api * --method DeleTe*)
PowerShell(gh api * --method DeleTe*)
Bash(gh.exe api * --method DeleTe*)
PowerShell(gh.exe api * --method DeleTe*)
Bash(gh api * --method deleTe*)
PowerShell(gh api * --method deleTe*)
Bash(gh.exe api * --method deleTe*)
PowerShell(gh.exe api * --method deleTe*)
Bash(gh api * --method DELEte*)
PowerShell(gh api * --method DELEte*)
Bash(gh.exe api * --method DELEte*)
PowerShell(gh.exe api * --method DELEte*)
Bash(gh api * --method dELEte*)
PowerShell(gh api * --method dELEte*)
Bash(gh.exe api * --method dELEte*)
PowerShell(gh.exe api * --method dELEte*)
Bash(gh api * --method DeLEte*)
PowerShell(gh api * --method DeLEte*)
Bash(gh.exe api * --method DeLEte*)
PowerShell(gh.exe api * --method DeLEte*)
Bash(gh api * --method deLEte*)
PowerShell(gh api * --method deLEte*)
Bash(gh.exe api * --method deLEte*)
PowerShell(gh.exe api * --method deLEte*)
Bash(gh api * --method DElEte*)
PowerShell(gh api * --method DElEte*)
Bash(gh.exe api * --method DElEte*)
PowerShell(gh.exe api * --method DElEte*)
Bash(gh api * --method dElEte*)
PowerShell(gh api * --method dElEte*)
Bash(gh.exe api * --method dElEte*)
PowerShell(gh.exe api * --method dElEte*)
Bash(gh api * --method DelEte*)
PowerShell(gh api * --method DelEte*)
Bash(gh.exe api * --method DelEte*)
PowerShell(gh.exe api * --method DelEte*)
Bash(gh api * --method delEte*)
PowerShell(gh api * --method delEte*)
Bash(gh.exe api * --method delEte*)
PowerShell(gh.exe api * --method delEte*)
Bash(gh api * --method DELete*)
PowerShell(gh api * --method DELete*)
Bash(gh.exe api * --method DELete*)
PowerShell(gh.exe api * --method DELete*)
Bash(gh api * --method dELete*)
PowerShell(gh api * --method dELete*)
Bash(gh.exe api * --method dELete*)
PowerShell(gh.exe api * --method dELete*)
Bash(gh api * --method DeLete*)
PowerShell(gh api * --method DeLete*)
Bash(gh.exe api * --method DeLete*)
PowerShell(gh.exe api * --method DeLete*)
Bash(gh api * --method deLete*)
PowerShell(gh api * --method deLete*)
Bash(gh.exe api * --method deLete*)
PowerShell(gh.exe api * --method deLete*)
Bash(gh api * --method DElete*)
PowerShell(gh api * --method DElete*)
Bash(gh.exe api * --method DElete*)
PowerShell(gh.exe api * --method DElete*)
Bash(gh api * --method dElete*)
PowerShell(gh api * --method dElete*)
Bash(gh.exe api * --method dElete*)
PowerShell(gh.exe api * --method dElete*)
Bash(gh api * --method Delete*)
PowerShell(gh api * --method Delete*)
Bash(gh.exe api * --method Delete*)
PowerShell(gh.exe api * --method Delete*)
Bash(gh api * --method delete*)
PowerShell(gh api * --method delete*)
Bash(gh.exe api * --method delete*)
PowerShell(gh.exe api * --method delete*)
Bash(gh api --method=DELETE *)
PowerShell(gh api --method=DELETE *)
Bash(gh.exe api --method=DELETE *)
PowerShell(gh.exe api --method=DELETE *)
Bash(gh api --method=dELETE *)
PowerShell(gh api --method=dELETE *)
Bash(gh.exe api --method=dELETE *)
PowerShell(gh.exe api --method=dELETE *)
Bash(gh api --method=DeLETE *)
PowerShell(gh api --method=DeLETE *)
Bash(gh.exe api --method=DeLETE *)
PowerShell(gh.exe api --method=DeLETE *)
Bash(gh api --method=deLETE *)
PowerShell(gh api --method=deLETE *)
Bash(gh.exe api --method=deLETE *)
PowerShell(gh.exe api --method=deLETE *)
Bash(gh api --method=DElETE *)
PowerShell(gh api --method=DElETE *)
Bash(gh.exe api --method=DElETE *)
PowerShell(gh.exe api --method=DElETE *)
Bash(gh api --method=dElETE *)
PowerShell(gh api --method=dElETE *)
Bash(gh.exe api --method=dElETE *)
PowerShell(gh.exe api --method=dElETE *)
Bash(gh api --method=DelETE *)
PowerShell(gh api --method=DelETE *)
Bash(gh.exe api --method=DelETE *)
PowerShell(gh.exe api --method=DelETE *)
Bash(gh api --method=delETE *)
PowerShell(gh api --method=delETE *)
Bash(gh.exe api --method=delETE *)
PowerShell(gh.exe api --method=delETE *)
Bash(gh api --method=DELeTE *)
PowerShell(gh api --method=DELeTE *)
Bash(gh.exe api --method=DELeTE *)
PowerShell(gh.exe api --method=DELeTE *)
Bash(gh api --method=dELeTE *)
PowerShell(gh api --method=dELeTE *)
Bash(gh.exe api --method=dELeTE *)
PowerShell(gh.exe api --method=dELeTE *)
Bash(gh api --method=DeLeTE *)
PowerShell(gh api --method=DeLeTE *)
Bash(gh.exe api --method=DeLeTE *)
PowerShell(gh.exe api --method=DeLeTE *)
Bash(gh api --method=deLeTE *)
PowerShell(gh api --method=deLeTE *)
Bash(gh.exe api --method=deLeTE *)
PowerShell(gh.exe api --method=deLeTE *)
Bash(gh api --method=DEleTE *)
PowerShell(gh api --method=DEleTE *)
Bash(gh.exe api --method=DEleTE *)
PowerShell(gh.exe api --method=DEleTE *)
Bash(gh api --method=dEleTE *)
PowerShell(gh api --method=dEleTE *)
Bash(gh.exe api --method=dEleTE *)
PowerShell(gh.exe api --method=dEleTE *)
Bash(gh api --method=DeleTE *)
PowerShell(gh api --method=DeleTE *)
Bash(gh.exe api --method=DeleTE *)
PowerShell(gh.exe api --method=DeleTE *)
Bash(gh api --method=deleTE *)
PowerShell(gh api --method=deleTE *)
Bash(gh.exe api --method=deleTE *)
PowerShell(gh.exe api --method=deleTE *)
Bash(gh api --method=DELEtE *)
PowerShell(gh api --method=DELEtE *)
Bash(gh.exe api --method=DELEtE *)
PowerShell(gh.exe api --method=DELEtE *)
Bash(gh api --method=dELEtE *)
PowerShell(gh api --method=dELEtE *)
Bash(gh.exe api --method=dELEtE *)
PowerShell(gh.exe api --method=dELEtE *)
Bash(gh api --method=DeLEtE *)
PowerShell(gh api --method=DeLEtE *)
Bash(gh.exe api --method=DeLEtE *)
PowerShell(gh.exe api --method=DeLEtE *)
Bash(gh api --method=deLEtE *)
PowerShell(gh api --method=deLEtE *)
Bash(gh.exe api --method=deLEtE *)
PowerShell(gh.exe api --method=deLEtE *)
Bash(gh api --method=DElEtE *)
PowerShell(gh api --method=DElEtE *)
Bash(gh.exe api --method=DElEtE *)
PowerShell(gh.exe api --method=DElEtE *)
Bash(gh api --method=dElEtE *)
PowerShell(gh api --method=dElEtE *)
Bash(gh.exe api --method=dElEtE *)
PowerShell(gh.exe api --method=dElEtE *)
Bash(gh api --method=DelEtE *)
PowerShell(gh api --method=DelEtE *)
Bash(gh.exe api --method=DelEtE *)
PowerShell(gh.exe api --method=DelEtE *)
Bash(gh api --method=delEtE *)
PowerShell(gh api --method=delEtE *)
Bash(gh.exe api --method=delEtE *)
PowerShell(gh.exe api --method=delEtE *)
Bash(gh api --method=DELetE *)
PowerShell(gh api --method=DELetE *)
Bash(gh.exe api --method=DELetE *)
PowerShell(gh.exe api --method=DELetE *)
Bash(gh api --method=dELetE *)
PowerShell(gh api --method=dELetE *)
Bash(gh.exe api --method=dELetE *)
PowerShell(gh.exe api --method=dELetE *)
Bash(gh api --method=DeLetE *)
PowerShell(gh api --method=DeLetE *)
Bash(gh.exe api --method=DeLetE *)
PowerShell(gh.exe api --method=DeLetE *)
Bash(gh api --method=deLetE *)
PowerShell(gh api --method=deLetE *)
Bash(gh.exe api --method=deLetE *)
PowerShell(gh.exe api --method=deLetE *)
Bash(gh api --method=DEletE *)
PowerShell(gh api --method=DEletE *)
Bash(gh.exe api --method=DEletE *)
PowerShell(gh.exe api --method=DEletE *)
Bash(gh api --method=dEletE *)
PowerShell(gh api --method=dEletE *)
Bash(gh.exe api --method=dEletE *)
PowerShell(gh.exe api --method=dEletE *)
Bash(gh api --method=DeletE *)
PowerShell(gh api --method=DeletE *)
Bash(gh.exe api --method=DeletE *)
PowerShell(gh.exe api --method=DeletE *)
Bash(gh api --method=deletE *)
PowerShell(gh api --method=deletE *)
Bash(gh.exe api --method=deletE *)
PowerShell(gh.exe api --method=deletE *)
Bash(gh api --method=DELETe *)
PowerShell(gh api --method=DELETe *)
Bash(gh.exe api --method=DELETe *)
PowerShell(gh.exe api --method=DELETe *)
Bash(gh api --method=dELETe *)
PowerShell(gh api --method=dELETe *)
Bash(gh.exe api --method=dELETe *)
PowerShell(gh.exe api --method=dELETe *)
Bash(gh api --method=DeLETe *)
PowerShell(gh api --method=DeLETe *)
Bash(gh.exe api --method=DeLETe *)
PowerShell(gh.exe api --method=DeLETe *)
Bash(gh api --method=deLETe *)
PowerShell(gh api --method=deLETe *)
Bash(gh.exe api --method=deLETe *)
PowerShell(gh.exe api --method=deLETe *)
Bash(gh api --method=DElETe *)
PowerShell(gh api --method=DElETe *)
Bash(gh.exe api --method=DElETe *)
PowerShell(gh.exe api --method=DElETe *)
Bash(gh api --method=dElETe *)
PowerShell(gh api --method=dElETe *)
Bash(gh.exe api --method=dElETe *)
PowerShell(gh.exe api --method=dElETe *)
Bash(gh api --method=DelETe *)
PowerShell(gh api --method=DelETe *)
Bash(gh.exe api --method=DelETe *)
PowerShell(gh.exe api --method=DelETe *)
Bash(gh api --method=delETe *)
PowerShell(gh api --method=delETe *)
Bash(gh.exe api --method=delETe *)
PowerShell(gh.exe api --method=delETe *)
Bash(gh api --method=DELeTe *)
PowerShell(gh api --method=DELeTe *)
Bash(gh.exe api --method=DELeTe *)
PowerShell(gh.exe api --method=DELeTe *)
Bash(gh api --method=dELeTe *)
PowerShell(gh api --method=dELeTe *)
Bash(gh.exe api --method=dELeTe *)
PowerShell(gh.exe api --method=dELeTe *)
Bash(gh api --method=DeLeTe *)
PowerShell(gh api --method=DeLeTe *)
Bash(gh.exe api --method=DeLeTe *)
PowerShell(gh.exe api --method=DeLeTe *)
Bash(gh api --method=deLeTe *)
PowerShell(gh api --method=deLeTe *)
Bash(gh.exe api --method=deLeTe *)
PowerShell(gh.exe api --method=deLeTe *)
Bash(gh api --method=DEleTe *)
PowerShell(gh api --method=DEleTe *)
Bash(gh.exe api --method=DEleTe *)
PowerShell(gh.exe api --method=DEleTe *)
Bash(gh api --method=dEleTe *)
PowerShell(gh api --method=dEleTe *)
Bash(gh.exe api --method=dEleTe *)
PowerShell(gh.exe api --method=dEleTe *)
Bash(gh api --method=DeleTe *)
PowerShell(gh api --method=DeleTe *)
Bash(gh.exe api --method=DeleTe *)
PowerShell(gh.exe api --method=DeleTe *)
Bash(gh api --method=deleTe *)
PowerShell(gh api --method=deleTe *)
Bash(gh.exe api --method=deleTe *)
PowerShell(gh.exe api --method=deleTe *)
Bash(gh api --method=DELEte *)
PowerShell(gh api --method=DELEte *)
Bash(gh.exe api --method=DELEte *)
PowerShell(gh.exe api --method=DELEte *)
Bash(gh api --method=dELEte *)
PowerShell(gh api --method=dELEte *)
Bash(gh.exe api --method=dELEte *)
PowerShell(gh.exe api --method=dELEte *)
Bash(gh api --method=DeLEte *)
PowerShell(gh api --method=DeLEte *)
Bash(gh.exe api --method=DeLEte *)
PowerShell(gh.exe api --method=DeLEte *)
Bash(gh api --method=deLEte *)
PowerShell(gh api --method=deLEte *)
Bash(gh.exe api --method=deLEte *)
PowerShell(gh.exe api --method=deLEte *)
Bash(gh api --method=DElEte *)
PowerShell(gh api --method=DElEte *)
Bash(gh.exe api --method=DElEte *)
PowerShell(gh.exe api --method=DElEte *)
Bash(gh api --method=dElEte *)
PowerShell(gh api --method=dElEte *)
Bash(gh.exe api --method=dElEte *)
PowerShell(gh.exe api --method=dElEte *)
Bash(gh api --method=DelEte *)
PowerShell(gh api --method=DelEte *)
Bash(gh.exe api --method=DelEte *)
PowerShell(gh.exe api --method=DelEte *)
Bash(gh api --method=delEte *)
PowerShell(gh api --method=delEte *)
Bash(gh.exe api --method=delEte *)
PowerShell(gh.exe api --method=delEte *)
Bash(gh api --method=DELete *)
PowerShell(gh api --method=DELete *)
Bash(gh.exe api --method=DELete *)
PowerShell(gh.exe api --method=DELete *)
Bash(gh api --method=dELete *)
PowerShell(gh api --method=dELete *)
Bash(gh.exe api --method=dELete *)
PowerShell(gh.exe api --method=dELete *)
Bash(gh api --method=DeLete *)
PowerShell(gh api --method=DeLete *)
Bash(gh.exe api --method=DeLete *)
PowerShell(gh.exe api --method=DeLete *)
Bash(gh api --method=deLete *)
PowerShell(gh api --method=deLete *)
Bash(gh.exe api --method=deLete *)
PowerShell(gh.exe api --method=deLete *)
Bash(gh api --method=DElete *)
PowerShell(gh api --method=DElete *)
Bash(gh.exe api --method=DElete *)
PowerShell(gh.exe api --method=DElete *)
Bash(gh api --method=dElete *)
PowerShell(gh api --method=dElete *)
Bash(gh.exe api --method=dElete *)
PowerShell(gh.exe api --method=dElete *)
Bash(gh api --method=Delete *)
PowerShell(gh api --method=Delete *)
Bash(gh.exe api --method=Delete *)
PowerShell(gh.exe api --method=Delete *)
Bash(gh api --method=delete *)
PowerShell(gh api --method=delete *)
Bash(gh.exe api --method=delete *)
PowerShell(gh.exe api --method=delete *)
Bash(gh api * --method=DELETE*)
PowerShell(gh api * --method=DELETE*)
Bash(gh.exe api * --method=DELETE*)
PowerShell(gh.exe api * --method=DELETE*)
Bash(gh api * --method=dELETE*)
PowerShell(gh api * --method=dELETE*)
Bash(gh.exe api * --method=dELETE*)
PowerShell(gh.exe api * --method=dELETE*)
Bash(gh api * --method=DeLETE*)
PowerShell(gh api * --method=DeLETE*)
Bash(gh.exe api * --method=DeLETE*)
PowerShell(gh.exe api * --method=DeLETE*)
Bash(gh api * --method=deLETE*)
PowerShell(gh api * --method=deLETE*)
Bash(gh.exe api * --method=deLETE*)
PowerShell(gh.exe api * --method=deLETE*)
Bash(gh api * --method=DElETE*)
PowerShell(gh api * --method=DElETE*)
Bash(gh.exe api * --method=DElETE*)
PowerShell(gh.exe api * --method=DElETE*)
Bash(gh api * --method=dElETE*)
PowerShell(gh api * --method=dElETE*)
Bash(gh.exe api * --method=dElETE*)
PowerShell(gh.exe api * --method=dElETE*)
Bash(gh api * --method=DelETE*)
PowerShell(gh api * --method=DelETE*)
Bash(gh.exe api * --method=DelETE*)
PowerShell(gh.exe api * --method=DelETE*)
Bash(gh api * --method=delETE*)
PowerShell(gh api * --method=delETE*)
Bash(gh.exe api * --method=delETE*)
PowerShell(gh.exe api * --method=delETE*)
Bash(gh api * --method=DELeTE*)
PowerShell(gh api * --method=DELeTE*)
Bash(gh.exe api * --method=DELeTE*)
PowerShell(gh.exe api * --method=DELeTE*)
Bash(gh api * --method=dELeTE*)
PowerShell(gh api * --method=dELeTE*)
Bash(gh.exe api * --method=dELeTE*)
PowerShell(gh.exe api * --method=dELeTE*)
Bash(gh api * --method=DeLeTE*)
PowerShell(gh api * --method=DeLeTE*)
Bash(gh.exe api * --method=DeLeTE*)
PowerShell(gh.exe api * --method=DeLeTE*)
Bash(gh api * --method=deLeTE*)
PowerShell(gh api * --method=deLeTE*)
Bash(gh.exe api * --method=deLeTE*)
PowerShell(gh.exe api * --method=deLeTE*)
Bash(gh api * --method=DEleTE*)
PowerShell(gh api * --method=DEleTE*)
Bash(gh.exe api * --method=DEleTE*)
PowerShell(gh.exe api * --method=DEleTE*)
Bash(gh api * --method=dEleTE*)
PowerShell(gh api * --method=dEleTE*)
Bash(gh.exe api * --method=dEleTE*)
PowerShell(gh.exe api * --method=dEleTE*)
Bash(gh api * --method=DeleTE*)
PowerShell(gh api * --method=DeleTE*)
Bash(gh.exe api * --method=DeleTE*)
PowerShell(gh.exe api * --method=DeleTE*)
Bash(gh api * --method=deleTE*)
PowerShell(gh api * --method=deleTE*)
Bash(gh.exe api * --method=deleTE*)
PowerShell(gh.exe api * --method=deleTE*)
Bash(gh api * --method=DELEtE*)
PowerShell(gh api * --method=DELEtE*)
Bash(gh.exe api * --method=DELEtE*)
PowerShell(gh.exe api * --method=DELEtE*)
Bash(gh api * --method=dELEtE*)
PowerShell(gh api * --method=dELEtE*)
Bash(gh.exe api * --method=dELEtE*)
PowerShell(gh.exe api * --method=dELEtE*)
Bash(gh api * --method=DeLEtE*)
PowerShell(gh api * --method=DeLEtE*)
Bash(gh.exe api * --method=DeLEtE*)
PowerShell(gh.exe api * --method=DeLEtE*)
Bash(gh api * --method=deLEtE*)
PowerShell(gh api * --method=deLEtE*)
Bash(gh.exe api * --method=deLEtE*)
PowerShell(gh.exe api * --method=deLEtE*)
Bash(gh api * --method=DElEtE*)
PowerShell(gh api * --method=DElEtE*)
Bash(gh.exe api * --method=DElEtE*)
PowerShell(gh.exe api * --method=DElEtE*)
Bash(gh api * --method=dElEtE*)
PowerShell(gh api * --method=dElEtE*)
Bash(gh.exe api * --method=dElEtE*)
PowerShell(gh.exe api * --method=dElEtE*)
Bash(gh api * --method=DelEtE*)
PowerShell(gh api * --method=DelEtE*)
Bash(gh.exe api * --method=DelEtE*)
PowerShell(gh.exe api * --method=DelEtE*)
Bash(gh api * --method=delEtE*)
PowerShell(gh api * --method=delEtE*)
Bash(gh.exe api * --method=delEtE*)
PowerShell(gh.exe api * --method=delEtE*)
Bash(gh api * --method=DELetE*)
PowerShell(gh api * --method=DELetE*)
Bash(gh.exe api * --method=DELetE*)
PowerShell(gh.exe api * --method=DELetE*)
Bash(gh api * --method=dELetE*)
PowerShell(gh api * --method=dELetE*)
Bash(gh.exe api * --method=dELetE*)
PowerShell(gh.exe api * --method=dELetE*)
Bash(gh api * --method=DeLetE*)
PowerShell(gh api * --method=DeLetE*)
Bash(gh.exe api * --method=DeLetE*)
PowerShell(gh.exe api * --method=DeLetE*)
Bash(gh api * --method=deLetE*)
PowerShell(gh api * --method=deLetE*)
Bash(gh.exe api * --method=deLetE*)
PowerShell(gh.exe api * --method=deLetE*)
Bash(gh api * --method=DEletE*)
PowerShell(gh api * --method=DEletE*)
Bash(gh.exe api * --method=DEletE*)
PowerShell(gh.exe api * --method=DEletE*)
Bash(gh api * --method=dEletE*)
PowerShell(gh api * --method=dEletE*)
Bash(gh.exe api * --method=dEletE*)
PowerShell(gh.exe api * --method=dEletE*)
Bash(gh api * --method=DeletE*)
PowerShell(gh api * --method=DeletE*)
Bash(gh.exe api * --method=DeletE*)
PowerShell(gh.exe api * --method=DeletE*)
Bash(gh api * --method=deletE*)
PowerShell(gh api * --method=deletE*)
Bash(gh.exe api * --method=deletE*)
PowerShell(gh.exe api * --method=deletE*)
Bash(gh api * --method=DELETe*)
PowerShell(gh api * --method=DELETe*)
Bash(gh.exe api * --method=DELETe*)
PowerShell(gh.exe api * --method=DELETe*)
Bash(gh api * --method=dELETe*)
PowerShell(gh api * --method=dELETe*)
Bash(gh.exe api * --method=dELETe*)
PowerShell(gh.exe api * --method=dELETe*)
Bash(gh api * --method=DeLETe*)
PowerShell(gh api * --method=DeLETe*)
Bash(gh.exe api * --method=DeLETe*)
PowerShell(gh.exe api * --method=DeLETe*)
Bash(gh api * --method=deLETe*)
PowerShell(gh api * --method=deLETe*)
Bash(gh.exe api * --method=deLETe*)
PowerShell(gh.exe api * --method=deLETe*)
Bash(gh api * --method=DElETe*)
PowerShell(gh api * --method=DElETe*)
Bash(gh.exe api * --method=DElETe*)
PowerShell(gh.exe api * --method=DElETe*)
Bash(gh api * --method=dElETe*)
PowerShell(gh api * --method=dElETe*)
Bash(gh.exe api * --method=dElETe*)
PowerShell(gh.exe api * --method=dElETe*)
Bash(gh api * --method=DelETe*)
PowerShell(gh api * --method=DelETe*)
Bash(gh.exe api * --method=DelETe*)
PowerShell(gh.exe api * --method=DelETe*)
Bash(gh api * --method=delETe*)
PowerShell(gh api * --method=delETe*)
Bash(gh.exe api * --method=delETe*)
PowerShell(gh.exe api * --method=delETe*)
Bash(gh api * --method=DELeTe*)
PowerShell(gh api * --method=DELeTe*)
Bash(gh.exe api * --method=DELeTe*)
PowerShell(gh.exe api * --method=DELeTe*)
Bash(gh api * --method=dELeTe*)
PowerShell(gh api * --method=dELeTe*)
Bash(gh.exe api * --method=dELeTe*)
PowerShell(gh.exe api * --method=dELeTe*)
Bash(gh api * --method=DeLeTe*)
PowerShell(gh api * --method=DeLeTe*)
Bash(gh.exe api * --method=DeLeTe*)
PowerShell(gh.exe api * --method=DeLeTe*)
Bash(gh api * --method=deLeTe*)
PowerShell(gh api * --method=deLeTe*)
Bash(gh.exe api * --method=deLeTe*)
PowerShell(gh.exe api * --method=deLeTe*)
Bash(gh api * --method=DEleTe*)
PowerShell(gh api * --method=DEleTe*)
Bash(gh.exe api * --method=DEleTe*)
PowerShell(gh.exe api * --method=DEleTe*)
Bash(gh api * --method=dEleTe*)
PowerShell(gh api * --method=dEleTe*)
Bash(gh.exe api * --method=dEleTe*)
PowerShell(gh.exe api * --method=dEleTe*)
Bash(gh api * --method=DeleTe*)
PowerShell(gh api * --method=DeleTe*)
Bash(gh.exe api * --method=DeleTe*)
PowerShell(gh.exe api * --method=DeleTe*)
Bash(gh api * --method=deleTe*)
PowerShell(gh api * --method=deleTe*)
Bash(gh.exe api * --method=deleTe*)
PowerShell(gh.exe api * --method=deleTe*)
Bash(gh api * --method=DELEte*)
PowerShell(gh api * --method=DELEte*)
Bash(gh.exe api * --method=DELEte*)
PowerShell(gh.exe api * --method=DELEte*)
Bash(gh api * --method=dELEte*)
PowerShell(gh api * --method=dELEte*)
Bash(gh.exe api * --method=dELEte*)
PowerShell(gh.exe api * --method=dELEte*)
Bash(gh api * --method=DeLEte*)
PowerShell(gh api * --method=DeLEte*)
Bash(gh.exe api * --method=DeLEte*)
PowerShell(gh.exe api * --method=DeLEte*)
Bash(gh api * --method=deLEte*)
PowerShell(gh api * --method=deLEte*)
Bash(gh.exe api * --method=deLEte*)
PowerShell(gh.exe api * --method=deLEte*)
Bash(gh api * --method=DElEte*)
PowerShell(gh api * --method=DElEte*)
Bash(gh.exe api * --method=DElEte*)
PowerShell(gh.exe api * --method=DElEte*)
Bash(gh api * --method=dElEte*)
PowerShell(gh api * --method=dElEte*)
Bash(gh.exe api * --method=dElEte*)
PowerShell(gh.exe api * --method=dElEte*)
Bash(gh api * --method=DelEte*)
PowerShell(gh api * --method=DelEte*)
Bash(gh.exe api * --method=DelEte*)
PowerShell(gh.exe api * --method=DelEte*)
Bash(gh api * --method=delEte*)
PowerShell(gh api * --method=delEte*)
Bash(gh.exe api * --method=delEte*)
PowerShell(gh.exe api * --method=delEte*)
Bash(gh api * --method=DELete*)
PowerShell(gh api * --method=DELete*)
Bash(gh.exe api * --method=DELete*)
PowerShell(gh.exe api * --method=DELete*)
Bash(gh api * --method=dELete*)
PowerShell(gh api * --method=dELete*)
Bash(gh.exe api * --method=dELete*)
PowerShell(gh.exe api * --method=dELete*)
Bash(gh api * --method=DeLete*)
PowerShell(gh api * --method=DeLete*)
Bash(gh.exe api * --method=DeLete*)
PowerShell(gh.exe api * --method=DeLete*)
Bash(gh api * --method=deLete*)
PowerShell(gh api * --method=deLete*)
Bash(gh.exe api * --method=deLete*)
PowerShell(gh.exe api * --method=deLete*)
Bash(gh api * --method=DElete*)
PowerShell(gh api * --method=DElete*)
Bash(gh.exe api * --method=DElete*)
PowerShell(gh.exe api * --method=DElete*)
Bash(gh api * --method=dElete*)
PowerShell(gh api * --method=dElete*)
Bash(gh.exe api * --method=dElete*)
PowerShell(gh.exe api * --method=dElete*)
Bash(gh api * --method=Delete*)
PowerShell(gh api * --method=Delete*)
Bash(gh.exe api * --method=Delete*)
PowerShell(gh.exe api * --method=Delete*)
Bash(gh api * --method=delete*)
PowerShell(gh api * --method=delete*)
Bash(gh.exe api * --method=delete*)
PowerShell(gh.exe api * --method=delete*)
Bash(gh api *deleteProjectV2StatusUpdate*)
PowerShell(gh api *deleteProjectV2StatusUpdate*)
Bash(gh.exe api *deleteProjectV2StatusUpdate*)
PowerShell(gh.exe api *deleteProjectV2StatusUpdate*)
Bash(gh api *deleteProjectV2Workflow*)
PowerShell(gh api *deleteProjectV2Workflow*)
Bash(gh.exe api *deleteProjectV2Workflow*)
PowerShell(gh.exe api *deleteProjectV2Workflow*)
Bash(gh api *deleteProjectV2Field*)
PowerShell(gh api *deleteProjectV2Field*)
Bash(gh.exe api *deleteProjectV2Field*)
PowerShell(gh.exe api *deleteProjectV2Field*)
Bash(gh api *deleteProjectV2Item*)
PowerShell(gh api *deleteProjectV2Item*)
Bash(gh.exe api *deleteProjectV2Item*)
PowerShell(gh.exe api *deleteProjectV2Item*)
Bash(gh api *deleteProjectV2View*)
PowerShell(gh api *deleteProjectV2View*)
Bash(gh.exe api *deleteProjectV2View*)
PowerShell(gh.exe api *deleteProjectV2View*)
Bash(gh api *deleteProjectV2*)
PowerShell(gh api *deleteProjectV2*)
Bash(gh.exe api *deleteProjectV2*)
PowerShell(gh.exe api *deleteProjectV2*)
Bash(gh api *archiveProjectV2Item*)
PowerShell(gh api *archiveProjectV2Item*)
Bash(gh.exe api *archiveProjectV2Item*)
PowerShell(gh.exe api *archiveProjectV2Item*)
Bash(gh api *clearProjectV2ItemFieldValue*)
PowerShell(gh api *clearProjectV2ItemFieldValue*)
Bash(gh.exe api *clearProjectV2ItemFieldValue*)
PowerShell(gh.exe api *clearProjectV2ItemFieldValue*)
Bash(gh api *updateProjectV2Collaborators*)
PowerShell(gh api *updateProjectV2Collaborators*)
Bash(gh.exe api *updateProjectV2Collaborators*)
PowerShell(gh.exe api *updateProjectV2Collaborators*)
Bash(gh api *updateProjectV2Field*)
PowerShell(gh api *updateProjectV2Field*)
Bash(gh.exe api *updateProjectV2Field*)
PowerShell(gh.exe api *updateProjectV2Field*)
Bash(gh api *updateProjectV2*)
PowerShell(gh api *updateProjectV2*)
Bash(gh.exe api *updateProjectV2*)
PowerShell(gh.exe api *updateProjectV2*)
Bash(gh api *unlinkProjectV2FromRepository*)
PowerShell(gh api *unlinkProjectV2FromRepository*)
Bash(gh.exe api *unlinkProjectV2FromRepository*)
PowerShell(gh.exe api *unlinkProjectV2FromRepository*)
Bash(gh api *unmarkProjectV2AsTemplate*)
PowerShell(gh api *unmarkProjectV2AsTemplate*)
Bash(gh.exe api *unmarkProjectV2AsTemplate*)
PowerShell(gh.exe api *unmarkProjectV2AsTemplate*)
Bash(gh api *deleteIssueFieldValue*)
PowerShell(gh api *deleteIssueFieldValue*)
Bash(gh.exe api *deleteIssueFieldValue*)
PowerShell(gh.exe api *deleteIssueFieldValue*)
Bash(gh api *deleteIssueComment*)
PowerShell(gh api *deleteIssueComment*)
Bash(gh.exe api *deleteIssueComment*)
PowerShell(gh.exe api *deleteIssueComment*)
Bash(gh api *deleteIssueField*)
PowerShell(gh api *deleteIssueField*)
Bash(gh.exe api *deleteIssueField*)
PowerShell(gh.exe api *deleteIssueField*)
Bash(gh api *deleteIssueType*)
PowerShell(gh api *deleteIssueType*)
Bash(gh.exe api *deleteIssueType*)
PowerShell(gh.exe api *deleteIssueType*)
Bash(gh api *deleteIssue*)
PowerShell(gh api *deleteIssue*)
Bash(gh.exe api *deleteIssue*)
PowerShell(gh.exe api *deleteIssue*)
Bash(gh api *transferIssue*)
PowerShell(gh api *transferIssue*)
Bash(gh.exe api *transferIssue*)
PowerShell(gh.exe api *transferIssue*)
Bash(gh api *removeSubIssue*)
PowerShell(gh api *removeSubIssue*)
Bash(gh.exe api *removeSubIssue*)
PowerShell(gh.exe api *removeSubIssue*)
Bash(gh api *updateIssueComment*)
PowerShell(gh api *updateIssueComment*)
Bash(gh.exe api *updateIssueComment*)
PowerShell(gh.exe api *updateIssueComment*)
Bash(gh api *deleteLabel*)
PowerShell(gh api *deleteLabel*)
Bash(gh.exe api *deleteLabel*)
PowerShell(gh.exe api *deleteLabel*)
Bash(gh api *deleteMilestone*)
PowerShell(gh api *deleteMilestone*)
Bash(gh.exe api *deleteMilestone*)
PowerShell(gh.exe api *deleteMilestone*)
